[    0.000000] Linux version 5.8.13-200.fc32.x86_64 (mockbuild@bkernel01.iad2.fedoraproject.org) (gcc (GCC) 10.2.1 20200723 (Red Hat 10.2.1-1), GNU ld version 2.34-4.fc32) #1 SMP Thu Oct 1 21:49:42 UTC 2020
[    0.000000] Command line: BOOT_IMAGE=(hd1,gpt5)/vmlinuz-5.8.13-200.fc32.x86_64 root=/dev/mapper/taran-root ro resume=/dev/mapper/taran-swap rd.lvm.lv=taran/root rd.lvm.lv=taran/swap rhgb quiet reboot=efi
[    0.000000] x86/fpu: Supporting XSAVE feature 0x001: 'x87 floating point registers'
[    0.000000] x86/fpu: Supporting XSAVE feature 0x002: 'SSE registers'
[    0.000000] x86/fpu: Supporting XSAVE feature 0x004: 'AVX registers'
[    0.000000] x86/fpu: Supporting XSAVE feature 0x008: 'MPX bounds registers'
[    0.000000] x86/fpu: Supporting XSAVE feature 0x010: 'MPX CSR'
[    0.000000] x86/fpu: xstate_offset[2]:  576, xstate_sizes[2]:  256
[    0.000000] x86/fpu: xstate_offset[3]:  832, xstate_sizes[3]:   64
[    0.000000] x86/fpu: xstate_offset[4]:  896, xstate_sizes[4]:   64
[    0.000000] x86/fpu: Enabled xstate features 0x1f, context size is 960 bytes, using 'compacted' format.
[    0.000000] BIOS-provided physical RAM map:
[    0.000000] BIOS-e820: [mem 0x0000000000000000-0x0000000000057fff] usable
[    0.000000] BIOS-e820: [mem 0x0000000000058000-0x0000000000058fff] reserved
[    0.000000] BIOS-e820: [mem 0x0000000000059000-0x000000000009dfff] usable
[    0.000000] BIOS-e820: [mem 0x000000000009e000-0x00000000000fffff] reserved
[    0.000000] BIOS-e820: [mem 0x0000000000100000-0x000000003fffffff] usable
[    0.000000] BIOS-e820: [mem 0x0000000040000000-0x00000000403fffff] reserved
[    0.000000] BIOS-e820: [mem 0x0000000040400000-0x00000000655f7fff] usable
[    0.000000] BIOS-e820: [mem 0x00000000655f8000-0x00000000655f8fff] ACPI NVS
[    0.000000] BIOS-e820: [mem 0x00000000655f9000-0x00000000655f9fff] reserved
[    0.000000] BIOS-e820: [mem 0x00000000655fa000-0x0000000076f9afff] usable
[    0.000000] BIOS-e820: [mem 0x0000000076f9b000-0x0000000077d7efff] reserved
[    0.000000] BIOS-e820: [mem 0x0000000077d7f000-0x0000000077f7efff] ACPI NVS
[    0.000000] BIOS-e820: [mem 0x0000000077f7f000-0x0000000077ffefff] ACPI data
[    0.000000] BIOS-e820: [mem 0x0000000077fff000-0x0000000077ffffff] usable
[    0.000000] BIOS-e820: [mem 0x0000000078000000-0x000000009c7fffff] reserved
[    0.000000] BIOS-e820: [mem 0x00000000f0000000-0x00000000f7ffffff] reserved
[    0.000000] BIOS-e820: [mem 0x00000000fe010000-0x00000000fe010fff] reserved
[    0.000000] BIOS-e820: [mem 0x0000000100000000-0x00000008617fffff] usable
[    0.000000] NX (Execute Disable) protection: active
[    0.000000] efi: EFI v2.50 by HP
[    0.000000] efi: ACPI=0x77ffe000 ACPI 2.0=0x77ffe014 TPMFinalLog=0x77f70000 SMBIOS=0x77765000 SMBIOS 3.0=0x77763000 ESRT=0x77777c98 MEMATTR=0x72dfa018 RNG=0x77761998 TPMEventLog=0x61a9d018 
[    0.000000] efi: seeding entropy pool
[    0.000000] secureboot: Secure boot enabled
[    0.000000] Kernel is locked down from EFI Secure Boot mode; see man kernel_lockdown.7
[    0.000000] SMBIOS 3.1.0 present.
[    0.000000] DMI: HP HP EliteBook 850 G5/83B2, BIOS Q78 Ver. 01.12.00 07/28/2020
[    0.000000] tsc: Detected 2000.000 MHz processor
[    0.001000] tsc: Detected 1999.968 MHz TSC
[    0.001000] e820: update [mem 0x00000000-0x00000fff] usable ==> reserved
[    0.001002] e820: remove [mem 0x000a0000-0x000fffff] usable
[    0.001011] last_pfn = 0x861800 max_arch_pfn = 0x400000000
[    0.001026] MTRR default type: write-back
[    0.001027] MTRR fixed ranges enabled:
[    0.001030]   00000-9FFFF write-back
[    0.001031]   A0000-BFFFF uncachable
[    0.001032]   C0000-FFFFF write-protect
[    0.001033] MTRR variable ranges enabled:
[    0.001035]   0 base 0080000000 mask 7F80000000 uncachable
[    0.001036]   1 base 007C000000 mask 7FFC000000 uncachable
[    0.001037]   2 base 1C00000000 mask 7C00000000 uncachable
[    0.001038]   3 disabled
[    0.001039]   4 disabled
[    0.001039]   5 disabled
[    0.001040]   6 disabled
[    0.001040]   7 disabled
[    0.001041]   8 disabled
[    0.001042]   9 disabled
[    0.001786] x86/PAT: Configuration [0-7]: WB  WC  UC- UC  WB  WP  UC- WT  
[    0.002048] last_pfn = 0x78000 max_arch_pfn = 0x400000000
[    0.018752] esrt: Reserving ESRT space from 0x0000000077777c98 to 0x0000000077777cd0.
[    0.018765] Using GB pages for direct mapping
[    0.019679] secureboot: Secure boot enabled
[    0.019681] RAMDISK: [mem 0x5b17a000-0x5d377fff]
[    0.019691] ACPI: Early table checksum verification disabled
[    0.019695] ACPI: RSDP 0x0000000077FFE014 000024 (v02 HPQOEM)
[    0.019699] ACPI: XSDT 0x0000000077F8D228 00016C (v01 HPQOEM SLIC-BPC 00000000      01000013)
[    0.019705] ACPI: FACP 0x0000000077FD8000 00010C (v05 HPQOEM SLIC-BPC 00000000 HP   00000001)
[    0.019711] ACPI: DSDT 0x0000000077FB2000 0222F9 (v02 HPQOEM 83B2     00000000 INTL 20160527)
[    0.019715] ACPI: FACS 0x0000000077F5C000 000040
[    0.019718] ACPI: SSDT 0x0000000077FFC000 00012A (v02 HP     ShmTable 00000001 INTL 20160527)
[    0.019721] ACPI: RTMA 0x0000000077FFB000 00009E (v01 HP     _HBMART_ 00001000 HP   00000001)
[    0.019724] ACPI: SSDT 0x0000000077FE6000 0145E8 (v02 AcpiRe PLT_RTD3 00001000 INTL 20160527)
[    0.019728] ACPI: SSDT 0x0000000077FE5000 000F25 (v02 HP     UcsiAcpi 00000001 INTL 20160527)
[    0.019731] ACPI: SSDT 0x0000000077FE4000 0000FB (v02 HP     UcsiCntr 00000001 INTL 20160527)
[    0.019734] ACPI: UEFI 0x0000000077F6D000 000042 (v01 HPQOEM EDK2     00000002      01000013)
[    0.019737] ACPI: OEML 0x0000000077FE3000 000028 (v03 HPQOEM EDK2     00000002      01000013)
[    0.019740] ACPI: SSDT 0x0000000077FE2000 0003C8 (v02 HPQOEM Tpm2Tabl 00001000 INTL 20160527)
[    0.019743] ACPI: TPM2 0x0000000077FE1000 000034 (v03 HPQOEM EDK2     00000002      01000013)
[    0.019747] ACPI: SSDT 0x0000000077FDD000 0032D6 (v02 SaSsdt SaSsdt   00003000 INTL 20160527)
[    0.019750] ACPI: MSDM 0x0000000077FDB000 000055 (v03 HPQOEM SLIC-BPC 00000000 HP   00000001)
[    0.019753] ACPI: SLIC 0x0000000077FDA000 000176 (v01 HPQOEM SLIC-BPC 00000001 HP   00000001)
[    0.019756] ACPI: WSMT 0x0000000077FD9000 000028 (v01 HPQOEM 83B2     00000001 HP   00000001)
[    0.019759] ACPI: HPET 0x0000000077FD7000 000038 (v01 HPQOEM 83B2     00000001 HP   00000001)
[    0.019762] ACPI: APIC 0x0000000077FD6000 00012C (v03 HPQOEM 83B2     00000001 HP   00000001)
[    0.019765] ACPI: MCFG 0x0000000077FD5000 00003C (v01 HPQOEM 83B2     00000001 HP   00000001)
[    0.019768] ACPI: SSDT 0x0000000077FB1000 0001BC (v02 HPQOEM Sata0Ide 00001000 INTL 20160527)
[    0.019772] ACPI: SSDT 0x0000000077FB0000 000734 (v01 HPQOEM PtidDevc 00001000 INTL 20160527)
[    0.019775] ACPI: SSDT 0x0000000077FAB000 004174 (v02 DptfTa DptfTabl 00001000 INTL 20160527)
[    0.019778] ACPI: SSDT 0x0000000077FA5000 004163 (v02 GddvDu GddvDumm 00001000 INTL 20160527)
[    0.019781] ACPI: SSDT 0x0000000077FA3000 0017AE (v02 CpuRef CpuSsdt  00003000 INTL 20160527)
[    0.019784] ACPI: SSDT 0x0000000077FFD000 0009CF (v02 CtdpB  CtdpB    00001000 INTL 20160527)
[    0.019788] ACPI: SSDT 0x0000000077FA2000 000141 (v02 INTEL  HdaDsp   00000000 INTL 20160527)
[    0.019791] ACPI: SSDT 0x0000000077FA1000 00029F (v02 INTEL  sensrhub 00000000 INTL 20160527)
[    0.019794] ACPI: SSDT 0x0000000077FA0000 000346 (v01 INTEL  EInkApp  00000000 INTL 20160527)
[    0.019797] ACPI: SSDT 0x0000000077F9F000 0001CE (v02 INTEL  AMLY4ISH 00000000 INTL 20160527)
[    0.019801] ACPI: SSDT 0x0000000077F9E000 0003C8 (v02 INTEL  Wwan     00000001 INTL 20160527)
[    0.019805] ACPI: DBGP 0x0000000077F9D000 000034 (v01 INTEL           00000002 MSFT 0000005F)
[    0.019809] ACPI: DBG2 0x0000000077F9C000 000054 (v00 INTEL           00000002 MSFT 0000005F)
[    0.019813] ACPI: DMAR 0x0000000077F9B000 0000A8 (v01 INTEL  KBL      00000001 INTL 00000001)
[    0.019817] ACPI: SSDT 0x0000000077F96000 004BF2 (v02 HP     HPTBT    00001000 INTL 20160527)
[    0.019820] ACPI: NHLT 0x0000000077F95000 00002D (v00 INTEL  KBL      00000002      01000013)
[    0.019823] ACPI: SSDT 0x0000000077F94000 00010E (v01 HP     HPSANIMD 00001000 INTL 20160527)
[    0.019827] ACPI: SSDT 0x0000000077F93000 000E6B (v01 HP     HPINNBWL 00001000 INTL 20160527)
[    0.019830] ACPI: SSDT 0x0000000077F92000 000032 (v01 HP     HPCONDEV 00001000 INTL 20160527)
[    0.019833] ACPI: SSDT 0x0000000077F91000 000069 (v01 HP     HPCAHWID 00001000 INTL 20160527)
[    0.019836] ACPI: ASF! 0x0000000077F90000 0000A0 (v32 HPQOEM  UYA     00000001 TFSM 000F4240)
[    0.019839] ACPI: FPDT 0x0000000077F8F000 000044 (v01 HPQOEM EDK2     00000002      01000013)
[    0.019843] ACPI: BGRT 0x0000000077F8E000 000038 (v01 HPQOEM EDK2     00000002      01000013)
[    0.019846] ACPI: SSDT 0x0000000077FDC000 0002F9 (v02 HP     PwrCtlEv 00000001 INTL 20160527)
[    0.019855] ACPI: Local APIC address 0xfee00000
[    0.019972] No NUMA configuration found
[    0.019974] Faking a node at [mem 0x0000000000000000-0x00000008617fffff]
[    0.019986] NODE_DATA(0) allocated [mem 0x8617d5000-0x8617fffff]
[    0.094590] Zone ranges:
[    0.094591]   DMA      [mem 0x0000000000001000-0x0000000000ffffff]
[    0.094593]   DMA32    [mem 0x0000000001000000-0x00000000ffffffff]
[    0.094594]   Normal   [mem 0x0000000100000000-0x00000008617fffff]
[    0.094595]   Device   empty
[    0.094596] Movable zone start for each node
[    0.094601] Early memory node ranges
[    0.094602]   node   0: [mem 0x0000000000001000-0x0000000000057fff]
[    0.094603]   node   0: [mem 0x0000000000059000-0x000000000009dfff]
[    0.094604]   node   0: [mem 0x0000000000100000-0x000000003fffffff]
[    0.094605]   node   0: [mem 0x0000000040400000-0x00000000655f7fff]
[    0.094606]   node   0: [mem 0x00000000655fa000-0x0000000076f9afff]
[    0.094607]   node   0: [mem 0x0000000077fff000-0x0000000077ffffff]
[    0.094608]   node   0: [mem 0x0000000100000000-0x00000008617fffff]
[    0.095038] Zeroed struct page in unavailable ranges: 31946 pages
[    0.095040] Initmem setup node 0 [mem 0x0000000000001000-0x00000008617fffff]
[    0.095042] On node 0 totalpages: 8225590
[    0.095043]   DMA zone: 64 pages used for memmap
[    0.095044]   DMA zone: 21 pages reserved
[    0.095045]   DMA zone: 3996 pages, LIFO batch:0
[    0.095096]   DMA32 zone: 7535 pages used for memmap
[    0.095097]   DMA32 zone: 482202 pages, LIFO batch:63
[    0.099604]   Normal zone: 120928 pages used for memmap
[    0.099605]   Normal zone: 7739392 pages, LIFO batch:63
[    0.171847] Reserving Intel graphics memory at [mem 0x7c800000-0x9c7fffff]
[    0.172426] ACPI: PM-Timer IO Port: 0x1808
[    0.172428] ACPI: Local APIC address 0xfee00000
[    0.172437] ACPI: LAPIC_NMI (acpi_id[0x01] high edge lint[0x1])
[    0.172438] ACPI: LAPIC_NMI (acpi_id[0x02] high edge lint[0x1])
[    0.172438] ACPI: LAPIC_NMI (acpi_id[0x03] high edge lint[0x1])
[    0.172439] ACPI: LAPIC_NMI (acpi_id[0x04] high edge lint[0x1])
[    0.172440] ACPI: LAPIC_NMI (acpi_id[0x05] high edge lint[0x1])
[    0.172440] ACPI: LAPIC_NMI (acpi_id[0x06] high edge lint[0x1])
[    0.172441] ACPI: LAPIC_NMI (acpi_id[0x07] high edge lint[0x1])
[    0.172442] ACPI: LAPIC_NMI (acpi_id[0x08] high edge lint[0x1])
[    0.172443] ACPI: LAPIC_NMI (acpi_id[0x09] high edge lint[0x1])
[    0.172443] ACPI: LAPIC_NMI (acpi_id[0x0a] high edge lint[0x1])
[    0.172444] ACPI: LAPIC_NMI (acpi_id[0x0b] high edge lint[0x1])
[    0.172445] ACPI: LAPIC_NMI (acpi_id[0x0c] high edge lint[0x1])
[    0.172445] ACPI: LAPIC_NMI (acpi_id[0x0d] high edge lint[0x1])
[    0.172446] ACPI: LAPIC_NMI (acpi_id[0x0e] high edge lint[0x1])
[    0.172447] ACPI: LAPIC_NMI (acpi_id[0x0f] high edge lint[0x1])
[    0.172448] ACPI: LAPIC_NMI (acpi_id[0x10] high edge lint[0x1])
[    0.172475] IOAPIC[0]: apic_id 2, version 32, address 0xfec00000, GSI 0-119
[    0.172478] ACPI: INT_SRC_OVR (bus 0 bus_irq 0 global_irq 2 dfl dfl)
[    0.172479] ACPI: INT_SRC_OVR (bus 0 bus_irq 9 global_irq 9 high level)
[    0.172481] ACPI: IRQ0 used by override.
[    0.172482] ACPI: IRQ9 used by override.
[    0.172485] Using ACPI (MADT) for SMP configuration information
[    0.172486] ACPI: HPET id: 0x8086a201 base: 0xfed00000
[    0.172494] e820: update [mem 0x72717000-0x7275ffff] usable ==> reserved
[    0.172511] TSC deadline timer available
[    0.172515] smpboot: Allowing 8 CPUs, 0 hotplug CPUs
[    0.172543] PM: hibernation: Registered nosave memory: [mem 0x00000000-0x00000fff]
[    0.172545] PM: hibernation: Registered nosave memory: [mem 0x00058000-0x00058fff]
[    0.172547] PM: hibernation: Registered nosave memory: [mem 0x0009e000-0x000fffff]
[    0.172549] PM: hibernation: Registered nosave memory: [mem 0x40000000-0x403fffff]
[    0.172551] PM: hibernation: Registered nosave memory: [mem 0x655f8000-0x655f8fff]
[    0.172552] PM: hibernation: Registered nosave memory: [mem 0x655f9000-0x655f9fff]
[    0.172554] PM: hibernation: Registered nosave memory: [mem 0x72717000-0x7275ffff]
[    0.172556] PM: hibernation: Registered nosave memory: [mem 0x76f9b000-0x77d7efff]
[    0.172556] PM: hibernation: Registered nosave memory: [mem 0x77d7f000-0x77f7efff]
[    0.172557] PM: hibernation: Registered nosave memory: [mem 0x77f7f000-0x77ffefff]
[    0.172559] PM: hibernation: Registered nosave memory: [mem 0x78000000-0x9c7fffff]
[    0.172560] PM: hibernation: Registered nosave memory: [mem 0x9c800000-0xefffffff]
[    0.172561] PM: hibernation: Registered nosave memory: [mem 0xf0000000-0xf7ffffff]
[    0.172561] PM: hibernation: Registered nosave memory: [mem 0xf8000000-0xfe00ffff]
[    0.172562] PM: hibernation: Registered nosave memory: [mem 0xfe010000-0xfe010fff]
[    0.172563] PM: hibernation: Registered nosave memory: [mem 0xfe011000-0xffffffff]
[    0.172565] [mem 0x9c800000-0xefffffff] available for PCI devices
[    0.172566] Booting paravirtualized kernel on bare hardware
[    0.172570] clocksource: refined-jiffies: mask: 0xffffffff max_cycles: 0xffffffff, max_idle_ns: 1910969940391419 ns
[    0.180805] setup_percpu: NR_CPUS:8192 nr_cpumask_bits:8 nr_cpu_ids:8 nr_node_ids:1
[    0.181083] percpu: Embedded 54 pages/cpu s184320 r8192 d28672 u262144
[    0.181106] pcpu-alloc: s184320 r8192 d28672 u262144 alloc=1*2097152
[    0.181107] pcpu-alloc: [0] 0 1 2 3 4 5 6 7 
[    0.181142] Built 1 zonelists, mobility grouping on.  Total pages: 8097042
[    0.181143] Policy zone: Normal
[    0.181144] Kernel command line: BOOT_IMAGE=(hd1,gpt5)/vmlinuz-5.8.13-200.fc32.x86_64 root=/dev/mapper/taran-root ro resume=/dev/mapper/taran-swap rd.lvm.lv=taran/root rd.lvm.lv=taran/swap rhgb quiet reboot=efi
[    0.184104] Dentry cache hash table entries: 4194304 (order: 13, 33554432 bytes, linear)
[    0.185454] Inode-cache hash table entries: 2097152 (order: 12, 16777216 bytes, linear)
[    0.185558] mem auto-init: stack:off, heap alloc:off, heap free:off
[    0.288267] Memory: 32067724K/32902360K available (14339K kernel code, 2492K rwdata, 8624K rodata, 2504K init, 4648K bss, 834636K reserved, 0K cma-reserved)
[    0.288276] random: get_random_u64 called from __kmem_cache_create+0x3e/0x610 with crng_init=0
[    0.288454] SLUB: HWalign=64, Order=0-3, MinObjects=0, CPUs=8, Nodes=1
[    0.288480] Kernel/User page tables isolation: enabled
[    0.288507] ftrace: allocating 43501 entries in 170 pages
[    0.310926] ftrace: allocated 170 pages with 4 groups
[    0.311041] rcu: Hierarchical RCU implementation.
[    0.311043] rcu: 	RCU restricting CPUs from NR_CPUS=8192 to nr_cpu_ids=8.
[    0.311043] 	Trampoline variant of Tasks RCU enabled.
[    0.311044] 	Rude variant of Tasks RCU enabled.
[    0.311044] 	Tracing variant of Tasks RCU enabled.
[    0.311045] rcu: RCU calculated value of scheduler-enlistment delay is 100 jiffies.
[    0.311046] rcu: Adjusting geometry for rcu_fanout_leaf=16, nr_cpu_ids=8
[    0.315836] NR_IRQS: 524544, nr_irqs: 2048, preallocated irqs: 16
[    0.316456] random: crng done (trusting CPU's manufacturer)
[    0.316489] Console: colour dummy device 80x25
[    0.316494] printk: console [tty0] enabled
[    0.316524] ACPI: Core revision 20200528
[    0.317157] clocksource: hpet: mask: 0xffffffff max_cycles: 0xffffffff, max_idle_ns: 79635855245 ns
[    0.317242] APIC: Switch to symmetric I/O mode setup
[    0.317245] DMAR: Host address width 39
[    0.317246] DMAR: DRHD base: 0x000000fed90000 flags: 0x0
[    0.317253] DMAR: dmar0: reg_base_addr fed90000 ver 1:0 cap 1c0000c40660462 ecap 19e2ff0505e
[    0.317254] DMAR: DRHD base: 0x000000fed91000 flags: 0x1
[    0.317259] DMAR: dmar1: reg_base_addr fed91000 ver 1:0 cap d2008c40660462 ecap f050da
[    0.317260] DMAR: RMRR base: 0x00000077c4a000 end: 0x00000077c69fff
[    0.317261] DMAR: RMRR base: 0x0000007c000000 end: 0x0000009c7fffff
[    0.317264] DMAR-IR: IOAPIC id 2 under DRHD base  0xfed91000 IOMMU 1
[    0.317264] DMAR-IR: HPET id 0 under DRHD base 0xfed91000
[    0.317267] DMAR-IR: Queued invalidation will be enabled to support x2apic and Intr-remapping.
[    0.318909] DMAR-IR: Enabled IRQ remapping in x2apic mode
[    0.318910] x2apic enabled
[    0.318923] Switched APIC routing to cluster x2apic.
[    0.322890] ..TIMER: vector=0x30 apic1=0 pin1=2 apic2=-1 pin2=-1
[    0.327158] clocksource: tsc-early: mask: 0xffffffffffffffff max_cycles: 0x39a8208cdd2, max_idle_ns: 881590748921 ns
[    0.327163] Calibrating delay loop (skipped), value calculated using timer frequency.. 3999.93 BogoMIPS (lpj=1999968)
[    0.327166] pid_max: default: 32768 minimum: 301
[    0.334048] LSM: Security Framework initializing
[    0.334065] Yama: becoming mindful.
[    0.334073] SELinux:  Initializing.
[    0.334187] Mount-cache hash table entries: 65536 (order: 7, 524288 bytes, linear)
[    0.334247] Mountpoint-cache hash table entries: 65536 (order: 7, 524288 bytes, linear)
[    0.334636] mce: CPU0: Thermal monitoring enabled (TM1)
[    0.334669] process: using mwait in idle threads
[    0.334672] Last level iTLB entries: 4KB 64, 2MB 8, 4MB 8
[    0.334673] Last level dTLB entries: 4KB 64, 2MB 0, 4MB 0, 1GB 4
[    0.334676] Spectre V1 : Mitigation: usercopy/swapgs barriers and __user pointer sanitization
[    0.334678] Spectre V2 : Mitigation: Full generic retpoline
[    0.334678] Spectre V2 : Spectre v2 / SpectreRSB mitigation: Filling RSB on context switch
[    0.334679] Spectre V2 : Enabling Restricted Speculation for firmware calls
[    0.334681] Spectre V2 : mitigation: Enabling conditional Indirect Branch Prediction Barrier
[    0.334681] Spectre V2 : User space: Mitigation: STIBP via seccomp and prctl
[    0.334683] Speculative Store Bypass: Mitigation: Speculative Store Bypass disabled via prctl and seccomp
[    0.334691] SRBDS: Mitigation: Microcode
[    0.334692] MDS: Mitigation: Clear CPU buffers
[    0.335054] Freeing SMP alternatives memory: 40K
[    0.338264] smpboot: CPU0: Intel(R) Core(TM) i7-8550U CPU @ 1.80GHz (family: 0x6, model: 0x8e, stepping: 0xa)
[    0.338452] Performance Events: PEBS fmt3+, Skylake events, 32-deep LBR, full-width counters, Intel PMU driver.
[    0.338465] ... version:                4
[    0.338466] ... bit width:              48
[    0.338466] ... generic registers:      4
[    0.338467] ... value mask:             0000ffffffffffff
[    0.338468] ... max period:             00007fffffffffff
[    0.338469] ... fixed-purpose events:   3
[    0.338469] ... event mask:             000000070000000f
[    0.338523] rcu: Hierarchical SRCU implementation.
[    0.339770] NMI watchdog: Enabled. Permanently consumes one hw-PMU counter.
[    0.339877] smp: Bringing up secondary CPUs ...
[    0.339978] x86: Booting SMP configuration:
[    0.339979] .... node  #0, CPUs:      #1 #2 #3 #4
[    0.343875] MDS CPU bug present and SMT on, data leak possible. See https://www.kernel.org/doc/html/latest/admin-guide/hw-vuln/mds.html for more details.
[    0.343875]  #5 #6 #7
[    0.346698] smp: Brought up 1 node, 8 CPUs
[    0.346698] smpboot: Max logical packages: 1
[    0.346698] smpboot: Total of 8 processors activated (31999.48 BogoMIPS)
[    0.348329] devtmpfs: initialized
[    0.348329] x86/mm: Memory block size: 128MB
[    0.351227] PM: Registering ACPI NVS region [mem 0x655f8000-0x655f8fff] (4096 bytes)
[    0.351229] PM: Registering ACPI NVS region [mem 0x77d7f000-0x77f7efff] (2097152 bytes)
[    0.351347] clocksource: jiffies: mask: 0xffffffff max_cycles: 0xffffffff, max_idle_ns: 1911260446275000 ns
[    0.351347] futex hash table entries: 2048 (order: 5, 131072 bytes, linear)
[    0.351347] xor: automatically using best checksumming function   avx       
[    0.351365] pinctrl core: initialized pinctrl subsystem
[    0.351547] PM: RTC time: 09:00:04, date: 2020-10-08
[    0.351549] thermal_sys: Registered thermal governor 'fair_share'
[    0.351550] thermal_sys: Registered thermal governor 'bang_bang'
[    0.351551] thermal_sys: Registered thermal governor 'step_wise'
[    0.351551] thermal_sys: Registered thermal governor 'user_space'
[    0.351727] NET: Registered protocol family 16
[    0.352215] DMA: preallocated 4096 KiB GFP_KERNEL pool for atomic allocations
[    0.352224] DMA: preallocated 4096 KiB GFP_KERNEL|GFP_DMA pool for atomic allocations
[    0.352233] DMA: preallocated 4096 KiB GFP_KERNEL|GFP_DMA32 pool for atomic allocations
[    0.352242] audit: initializing netlink subsys (disabled)
[    0.352251] audit: type=2000 audit(1602147604.032:1): state=initialized audit_enabled=0 res=1
[    0.352280] cpuidle: using governor menu
[    0.352349] ACPI: bus type PCI registered
[    0.352349] acpiphp: ACPI Hot Plug PCI Controller Driver version: 0.5
[    0.352349] PCI: MMCONFIG for domain 0000 [bus 00-7f] at [mem 0xf0000000-0xf7ffffff] (base 0xf0000000)
[    0.352349] PCI: MMCONFIG at [mem 0xf0000000-0xf7ffffff] reserved in E820
[    0.352349] PCI: Using configuration type 1 for base access
[    0.353327] ENERGY_PERF_BIAS: Set to 'normal', was 'performance'
[    0.355543] HugeTLB registered 1.00 GiB page size, pre-allocated 0 pages
[    0.355543] HugeTLB registered 2.00 MiB page size, pre-allocated 0 pages
[    0.553185] cryptd: max_cpu_qlen set to 1000
[    0.555315] alg: No test for 842 (842-generic)
[    0.555315] alg: No test for 842 (842-scomp)
[    0.558405] raid6: skip pq benchmark and using algorithm avx2x4
[    0.558405] raid6: using avx2x2 recovery algorithm
[    0.558405] ACPI: Added _OSI(Module Device)
[    0.558405] ACPI: Added _OSI(Processor Device)
[    0.558405] ACPI: Added _OSI(3.0 _SCP Extensions)
[    0.558405] ACPI: Added _OSI(Processor Aggregator Device)
[    0.558405] ACPI: Added _OSI(Linux-Dell-Video)
[    0.558405] ACPI: Added _OSI(Linux-Lenovo-NV-HDMI-Audio)
[    0.558405] ACPI: Added _OSI(Linux-HPI-Hybrid-Graphics)
[    0.630106] ACPI: 24 ACPI AML tables successfully acquired and loaded
[    0.633899] ACPI: [Firmware Bug]: BIOS _OSI(Linux) query ignored
[    0.697625] ACPI: Dynamic OEM Table Load:
[    0.697653] ACPI: SSDT 0xFFFF8E887DD7C800 0005CD (v02 PmRef  Cpu0Ist  00003000 INTL 20160527)
[    0.699637] ACPI: \_PR_.PR00: _OSC native thermal LVT Acked
[    0.700623] ACPI BIOS Error (bug): AE_AML_BUFFER_LIMIT, Field [CAP1] at bit offset/length 64/32 exceeds size of target Buffer (64 bits) (20200528/dsopcode-198)
[    0.700627] ACPI Error: Aborting method \_SB._OSC due to previous error (AE_AML_BUFFER_LIMIT) (20200528/psparse-529)
[    0.701200] ACPI: Dynamic OEM Table Load:
[    0.701215] ACPI: SSDT 0xFFFF8E887DAD9C00 0003FF (v02 PmRef  Cpu0Cst  00003001 INTL 20160527)
[    0.703654] ACPI: Dynamic OEM Table Load:
[    0.703671] ACPI: SSDT 0xFFFF8E887DDCA000 000D14 (v02 PmRef  ApIst    00003000 INTL 20160527)
[    0.705491] ACPI: Dynamic OEM Table Load:
[    0.705504] ACPI: SSDT 0xFFFF8E887DADB800 00030A (v02 PmRef  ApCst    00003000 INTL 20160527)
[    0.710935] ACPI: EC: EC started
[    0.710936] ACPI: EC: interrupt blocked
[    0.746373] ACPI: EC: EC_CMD/EC_SC=0x66, EC_DATA=0x62
[    0.746376] ACPI: \_SB_.PCI0.LPCB.EC0_: Boot DSDT EC used to handle transactions
[    0.746376] ACPI: Interpreter enabled
[    0.746468] ACPI: (supports S0 S3 S4 S5)
[    0.746469] ACPI: Using IOAPIC for interrupt routing
[    0.746533] PCI: Using host bridge windows from ACPI; if necessary, use "pci=nocrs" and report a bug
[    0.747614] ACPI: Enabled 10 GPEs in block 00 to 7F
[    0.760100] ACPI: Power Resource [WRST] (on)
[    0.760753] ACPI: Power Resource [PXP] (on)
[    0.764696] ACPI: Power Resource [PXP] (off)
[    0.786090] ACPI: PCI Root Bridge [PCI0] (domain 0000 [bus 00-7e])
[    0.786102] acpi PNP0A08:00: _OSC: OS supports [ExtendedConfig ASPM ClockPM Segments MSI EDR HPX-Type3]
[    0.788272] acpi PNP0A08:00: _OSC: platform does not support [AER]
[    0.789137] acpi PNP0A08:00: _OSC: OS now controls [PCIeHotplug SHPCHotplug PME PCIeCapability LTR DPC]
[    0.792140] PCI host bridge to bus 0000:00
[    0.792143] pci_bus 0000:00: root bus resource [io  0x0000-0x0cf7 window]
[    0.792145] pci_bus 0000:00: root bus resource [io  0x0d00-0xffff window]
[    0.792146] pci_bus 0000:00: root bus resource [mem 0x000a0000-0x000bffff window]
[    0.792148] pci_bus 0000:00: root bus resource [mem 0x000c0000-0x000c3fff window]
[    0.792149] pci_bus 0000:00: root bus resource [mem 0x000c4000-0x000c7fff window]
[    0.792150] pci_bus 0000:00: root bus resource [mem 0x000c8000-0x000cbfff window]
[    0.792151] pci_bus 0000:00: root bus resource [mem 0x000cc000-0x000cffff window]
[    0.792152] pci_bus 0000:00: root bus resource [mem 0x000d0000-0x000d3fff window]
[    0.792154] pci_bus 0000:00: root bus resource [mem 0x000d4000-0x000d7fff window]
[    0.792155] pci_bus 0000:00: root bus resource [mem 0x000d8000-0x000dbfff window]
[    0.792156] pci_bus 0000:00: root bus resource [mem 0x000dc000-0x000dffff window]
[    0.792157] pci_bus 0000:00: root bus resource [mem 0x000e0000-0x000e3fff window]
[    0.792158] pci_bus 0000:00: root bus resource [mem 0x000e4000-0x000e7fff window]
[    0.792160] pci_bus 0000:00: root bus resource [mem 0x000e8000-0x000ebfff window]
[    0.792160] pci_bus 0000:00: root bus resource [mem 0x000ec000-0x000effff window]
[    0.792160] pci_bus 0000:00: root bus resource [mem 0x000f0000-0x000fffff window]
[    0.792160] pci_bus 0000:00: root bus resource [mem 0x9c800000-0xefffffff window]
[    0.792160] pci_bus 0000:00: root bus resource [mem 0x1c00000000-0x1fffffffff window]
[    0.792160] pci_bus 0000:00: root bus resource [mem 0xfd000000-0xfe7fffff window]
[    0.792160] pci_bus 0000:00: root bus resource [bus 00-7e]
[    0.792160] pci 0000:00:00.0: [8086:5914] type 00 class 0x060000
[    0.793419] pci 0000:00:02.0: [8086:5917] type 00 class 0x030000
[    0.793436] pci 0000:00:02.0: reg 0x10: [mem 0x1ff2000000-0x1ff2ffffff 64bit]
[    0.793444] pci 0000:00:02.0: reg 0x18: [mem 0x1fc0000000-0x1fcfffffff 64bit pref]
[    0.793450] pci 0000:00:02.0: reg 0x20: [io  0x3000-0x303f]
[    0.793473] pci 0000:00:02.0: BAR 2: assigned to efifb
[    0.794160] pci 0000:00:04.0: [8086:1903] type 00 class 0x118000
[    0.794160] pci 0000:00:04.0: reg 0x10: [mem 0x1ff3010000-0x1ff3017fff 64bit]
[    0.795153] pci 0000:00:13.0: [8086:9d35] type 00 class 0x000000
[    0.796181] pci 0000:00:13.0: reg 0x10: [mem 0x1ff3021000-0x1ff3021fff 64bit]
[    0.797160] pci 0000:00:14.0: [8086:9d2f] type 00 class 0x0c0330
[    0.797160] pci 0000:00:14.0: reg 0x10: [mem 0xb6320000-0xb632ffff 64bit]
[    0.797160] pci 0000:00:14.0: PME# supported from D3hot D3cold
[    0.798012] pci 0000:00:14.2: [8086:9d31] type 00 class 0x118000
[    0.798038] pci 0000:00:14.2: reg 0x10: [mem 0x1ff3020000-0x1ff3020fff 64bit]
[    0.799397] pci 0000:00:15.0: [8086:9d60] type 00 class 0x118000
[    0.799660] pci 0000:00:15.0: reg 0x10: [mem 0x1ff301f000-0x1ff301ffff 64bit]
[    0.802852] pci 0000:00:15.1: [8086:9d61] type 00 class 0x118000
[    0.803114] pci 0000:00:15.1: reg 0x10: [mem 0x1ff301e000-0x1ff301efff 64bit]
[    0.804250] pci 0000:00:16.0: [8086:9d3a] type 00 class 0x078000
[    0.804281] pci 0000:00:16.0: reg 0x10: [mem 0x1ff301d000-0x1ff301dfff 64bit]
[    0.804367] pci 0000:00:16.0: PME# supported from D3hot
[    0.805821] pci 0000:00:1c.0: [8086:9d13] type 01 class 0x060400
[    0.805940] pci 0000:00:1c.0: PME# supported from D0 D3hot D3cold
[    0.807376] pci 0000:00:1c.4: [8086:9d14] type 01 class 0x060400
[    0.808606] pci 0000:00:1c.4: PME# supported from D0 D3hot D3cold
[    0.811018] pci 0000:00:1d.0: [8086:9d18] type 01 class 0x060400
[    0.811114] pci 0000:00:1d.0: PME# supported from D0 D3hot D3cold
[    0.812160] pci 0000:00:1f.0: [8086:9d4e] type 00 class 0x060100
[    0.813933] pci 0000:00:1f.2: [8086:9d21] type 00 class 0x058000
[    0.813950] pci 0000:00:1f.2: reg 0x10: [mem 0xb6330000-0xb6333fff]
[    0.814287] pci 0000:00:1f.3: [8086:9d71] type 00 class 0x040380
[    0.814318] pci 0000:00:1f.3: reg 0x10: [mem 0x1ff3018000-0x1ff301bfff 64bit]
[    0.814346] pci 0000:00:1f.3: reg 0x20: [mem 0x1ff3000000-0x1ff300ffff 64bit]
[    0.814402] pci 0000:00:1f.3: PME# supported from D3hot D3cold
[    0.816061] pci 0000:00:1f.4: [8086:9d23] type 00 class 0x0c0500
[    0.816117] pci 0000:00:1f.4: reg 0x10: [mem 0x1ff301c000-0x1ff301c0ff 64bit]
[    0.817167] pci 0000:00:1f.4: reg 0x20: [io  0xefa0-0xefbf]
[    0.818537] pci 0000:00:1f.6: [8086:15d8] type 00 class 0x020000
[    0.818566] pci 0000:00:1f.6: reg 0x10: [mem 0xb6300000-0xb631ffff]
[    0.818678] pci 0000:00:1f.6: PME# supported from D0 D3hot D3cold
[    0.820285] pci 0000:01:00.0: [8086:24fd] type 00 class 0x028000
[    0.820387] pci 0000:01:00.0: reg 0x10: [mem 0xb6200000-0xb6201fff 64bit]
[    0.820937] pci 0000:01:00.0: PME# supported from D0 D3hot D3cold
[    0.821160] pci 0000:00:1c.0: PCI bridge to [bus 01]
[    0.821160] pci 0000:00:1c.0:   bridge window [mem 0xb6200000-0xb62fffff]
[    0.821160] pci 0000:02:00.0: [8086:15da] type 01 class 0x060400
[    0.821223] pci 0000:02:00.0: enabling Extended Tags
[    0.821317] pci 0000:02:00.0: supports D1 D2
[    0.821319] pci 0000:02:00.0: PME# supported from D0 D1 D2 D3hot D3cold
[    0.821395] pci 0000:02:00.0: 15.752 Gb/s available PCIe bandwidth, limited by 8.0 GT/s PCIe x2 link at 0000:00:1c.4 (capable of 31.504 Gb/s with 8.0 GT/s PCIe x4 link)
[    0.821501] pci 0000:00:1c.4: PCI bridge to [bus 02-3a]
[    0.821506] pci 0000:00:1c.4:   bridge window [mem 0xa0000000-0xb60fffff]
[    0.821511] pci 0000:00:1c.4:   bridge window [mem 0x1fd0000000-0x1ff1ffffff 64bit pref]
[    0.821583] pci 0000:03:00.0: [8086:15da] type 01 class 0x060400
[    0.821657] pci 0000:03:00.0: enabling Extended Tags
[    0.821756] pci 0000:03:00.0: supports D1 D2
[    0.821757] pci 0000:03:00.0: PME# supported from D0 D1 D2 D3hot D3cold
[    0.821882] pci 0000:03:01.0: [8086:15da] type 01 class 0x060400
[    0.821956] pci 0000:03:01.0: enabling Extended Tags
[    0.822054] pci 0000:03:01.0: supports D1 D2
[    0.822055] pci 0000:03:01.0: PME# supported from D0 D1 D2 D3hot D3cold
[    0.823172] pci 0000:03:02.0: [8086:15da] type 01 class 0x060400
[    0.823247] pci 0000:03:02.0: enabling Extended Tags
[    0.823342] pci 0000:03:02.0: supports D1 D2
[    0.823343] pci 0000:03:02.0: PME# supported from D0 D1 D2 D3hot D3cold
[    0.823505] pci 0000:02:00.0: PCI bridge to [bus 03-3a]
[    0.823515] pci 0000:02:00.0:   bridge window [mem 0xa0000000-0xb60fffff]
[    0.823522] pci 0000:02:00.0:   bridge window [mem 0x1fd0000000-0x1ff1ffffff 64bit pref]
[    0.823588] pci 0000:04:00.0: [8086:15d9] type 00 class 0x088000
[    0.823624] pci 0000:04:00.0: reg 0x10: [mem 0xb6000000-0xb603ffff]
[    0.823637] pci 0000:04:00.0: reg 0x14: [mem 0xb6040000-0xb6040fff]
[    0.823705] pci 0000:04:00.0: enabling Extended Tags
[    0.823818] pci 0000:04:00.0: supports D1 D2
[    0.823819] pci 0000:04:00.0: PME# supported from D0 D1 D2 D3hot D3cold
[    0.823991] pci 0000:03:00.0: PCI bridge to [bus 04]
[    0.824001] pci 0000:03:00.0:   bridge window [mem 0xb6000000-0xb60fffff]
[    0.824054] pci 0000:03:01.0: PCI bridge to [bus 05-39]
[    0.824063] pci 0000:03:01.0:   bridge window [mem 0xa0000000-0xb5efffff]
[    0.824070] pci 0000:03:01.0:   bridge window [mem 0x1fd0000000-0x1ff1ffffff 64bit pref]
[    0.824145] pci 0000:3a:00.0: [8086:15db] type 00 class 0x0c0330
[    0.824183] pci 0000:3a:00.0: reg 0x10: [mem 0xb5f00000-0xb5f0ffff]
[    0.824269] pci 0000:3a:00.0: enabling Extended Tags
[    0.824386] pci 0000:3a:00.0: supports D1 D2
[    0.824387] pci 0000:3a:00.0: PME# supported from D0 D1 D2 D3hot D3cold
[    0.824470] pci 0000:3a:00.0: 8.000 Gb/s available PCIe bandwidth, limited by 2.5 GT/s PCIe x4 link at 0000:03:02.0 (capable of 31.504 Gb/s with 8.0 GT/s PCIe x4 link)
[    0.824603] pci 0000:03:02.0: PCI bridge to [bus 3a]
[    0.824613] pci 0000:03:02.0:   bridge window [mem 0xb5f00000-0xb5ffffff]
[    0.824704] pci 0000:3b:00.0: [15b7:5002] type 00 class 0x010802
[    0.824737] pci 0000:3b:00.0: reg 0x10: [mem 0xb6100000-0xb6103fff 64bit]
[    0.824771] pci 0000:3b:00.0: reg 0x20: [mem 0xb6104000-0xb61040ff 64bit]
[    0.825004] pci 0000:00:1d.0: PCI bridge to [bus 3b]
[    0.825009] pci 0000:00:1d.0:   bridge window [mem 0xb6100000-0xb61fffff]
[    0.828545] ACPI: PCI Interrupt Link [LNKA] (IRQs 3 4 5 6 10 *11 12 14 15)
[    0.828609] ACPI: PCI Interrupt Link [LNKB] (IRQs 3 4 5 6 *10 11 12 14 15)
[    0.828671] ACPI: PCI Interrupt Link [LNKC] (IRQs 3 4 5 6 10 *11 12 14 15)
[    0.828730] ACPI: PCI Interrupt Link [LNKD] (IRQs 3 4 5 6 10 *11 12 14 15)
[    0.828790] ACPI: PCI Interrupt Link [LNKE] (IRQs 3 4 5 6 10 *11 12 14 15)
[    0.828850] ACPI: PCI Interrupt Link [LNKF] (IRQs 3 4 5 6 10 *11 12 14 15)
[    0.828911] ACPI: PCI Interrupt Link [LNKG] (IRQs 3 4 5 6 10 *11 12 14 15)
[    0.828972] ACPI: PCI Interrupt Link [LNKH] (IRQs 3 4 5 6 10 *11 12 14 15)
[    0.829835] ACPI: EC: interrupt unblocked
[    0.829836] ACPI: EC: event unblocked
[    0.829844] ACPI: EC: EC_CMD/EC_SC=0x66, EC_DATA=0x62
[    0.829845] ACPI: EC: GPE=0x6e
[    0.829847] ACPI: \_SB_.PCI0.LPCB.EC0_: Boot DSDT EC initialization complete
[    0.829848] ACPI: \_SB_.PCI0.LPCB.EC0_: EC: Used to handle transactions and events
[    0.829959] iommu: Default domain type: Translated 
[    0.829959] pci 0000:00:02.0: vgaarb: setting as boot VGA device
[    0.829959] pci 0000:00:02.0: vgaarb: VGA device added: decodes=io+mem,owns=io+mem,locks=none
[    0.829959] pci 0000:00:02.0: vgaarb: bridge control possible
[    0.829959] vgaarb: loaded
[    0.830181] SCSI subsystem initialized
[    0.830199] libata version 3.00 loaded.
[    0.830199] ACPI: bus type USB registered
[    0.830215] usbcore: registered new interface driver usbfs
[    0.830228] usbcore: registered new interface driver hub
[    0.830256] usbcore: registered new device driver usb
[    0.830293] pps_core: LinuxPPS API ver. 1 registered
[    0.830294] pps_core: Software ver. 5.3.6 - Copyright 2005-2007 Rodolfo Giometti <giometti@linux.it>
[    0.830296] PTP clock support registered
[    0.830323] EDAC MC: Ver: 3.0.0
[    0.830621] Registered efivars operations
[    0.830621] NetLabel: Initializing
[    0.830621] NetLabel:  domain hash size = 128
[    0.830621] NetLabel:  protocols = UNLABELED CIPSOv4 CALIPSO
[    0.831168] NetLabel:  unlabeled traffic allowed by default
[    0.831169] PCI: Using ACPI for IRQ routing
[    0.840047] PCI: pci_cache_line_size set to 64 bytes
[    0.840511] e820: reserve RAM buffer [mem 0x00058000-0x0005ffff]
[    0.840513] e820: reserve RAM buffer [mem 0x0009e000-0x0009ffff]
[    0.840514] e820: reserve RAM buffer [mem 0x655f8000-0x67ffffff]
[    0.840515] e820: reserve RAM buffer [mem 0x72717000-0x73ffffff]
[    0.840516] e820: reserve RAM buffer [mem 0x76f9b000-0x77ffffff]
[    0.840517] e820: reserve RAM buffer [mem 0x861800000-0x863ffffff]
[    0.841300] hpet0: at MMIO 0xfed00000, IRQs 2, 8, 0, 0, 0, 0, 0, 0
[    0.841304] hpet0: 8 comparators, 64-bit 24.000000 MHz counter
[    0.843188] clocksource: Switched to clocksource tsc-early
[    0.867490] VFS: Disk quotas dquot_6.6.0
[    0.867506] VFS: Dquot-cache hash table entries: 512 (order 0, 4096 bytes)
[    0.867585] pnp: PnP ACPI init
[    0.867686] system 00:00: [mem 0x40000000-0x403fffff] has been reserved
[    0.867692] system 00:00: Plug and Play ACPI device, IDs PNP0c02 (active)
[    0.867873] system 00:01: [mem 0xfd000000-0xfdabffff] has been reserved
[    0.867874] system 00:01: [mem 0xfdad0000-0xfdadffff] has been reserved
[    0.867876] system 00:01: [mem 0xfdb00000-0xfdffffff] has been reserved
[    0.867878] system 00:01: [mem 0xfe000000-0xfe01ffff] could not be reserved
[    0.867879] system 00:01: [mem 0xfe03d000-0xfe3fffff] has been reserved
[    0.867883] system 00:01: Plug and Play ACPI device, IDs PNP0c02 (active)
[    0.868417] system 00:02: [io  0x2000-0x20fe] has been reserved
[    0.868421] system 00:02: Plug and Play ACPI device, IDs PNP0c02 (active)
[    0.868731] system 00:03: [io  0x0680-0x069f] has been reserved
[    0.868733] system 00:03: [io  0xffff] has been reserved
[    0.868734] system 00:03: [io  0xffff] has been reserved
[    0.868736] system 00:03: [io  0xffff] has been reserved
[    0.868737] system 00:03: [io  0x1800-0x18fe] has been reserved
[    0.868739] system 00:03: [io  0x164e-0x164f] has been reserved
[    0.868742] system 00:03: Plug and Play ACPI device, IDs PNP0c02 (active)
[    0.868970] system 00:04: [io  0x1854-0x1857] has been reserved
[    0.868974] system 00:04: Plug and Play ACPI device, IDs INT3f0d PNP0c02 (active)
[    0.868999] pnp 00:05: Plug and Play ACPI device, IDs HPQ8002 PNP0303 (active)
[    0.869021] pnp 00:06: Plug and Play ACPI device, IDs SYN3072 SYN3071 SYN0002 PNP0f13 (active)
[    0.869102] system 00:07: [io  0x0200-0x027f] has been reserved
[    0.869105] system 00:07: [mem 0xfedf0000-0xfedfffff] has been reserved
[    0.869108] system 00:07: Plug and Play ACPI device, IDs PNP0c02 (active)
[    0.870908] system 00:08: [mem 0xfe031000-0xfe031fff] has been reserved
[    0.870909] system 00:08: [mem 0xfe030008-0xfe030fff] has been reserved
[    0.870914] system 00:08: Plug and Play ACPI device, IDs PNP0c02 (active)
[    0.871850] system 00:09: [mem 0xfe030000-0xfe030007] has been reserved
[    0.871854] system 00:09: Plug and Play ACPI device, IDs PNP0c02 (active)
[    0.872298] system 00:0a: [mem 0xfed10000-0xfed17fff] has been reserved
[    0.872299] system 00:0a: [mem 0xfed18000-0xfed18fff] has been reserved
[    0.872301] system 00:0a: [mem 0xfed19000-0xfed19fff] has been reserved
[    0.872302] system 00:0a: [mem 0xf0000000-0xf7ffffff] has been reserved
[    0.872304] system 00:0a: [mem 0xfed20000-0xfed3ffff] has been reserved
[    0.872306] system 00:0a: [mem 0xfed90000-0xfed93fff] could not be reserved
[    0.872307] system 00:0a: [mem 0xfed45000-0xfed8ffff] has been reserved
[    0.872309] system 00:0a: [mem 0xff000000-0xffffffff] has been reserved
[    0.872310] system 00:0a: [mem 0xfee00000-0xfeefffff] has been reserved
[    0.872312] system 00:0a: [mem 0x9c800000-0x9c81ffff] has been reserved
[    0.872316] system 00:0a: Plug and Play ACPI device, IDs PNP0c02 (active)
[    0.872928] pnp: PnP ACPI: found 11 devices
[    0.879031] clocksource: acpi_pm: mask: 0xffffff max_cycles: 0xffffff, max_idle_ns: 2085701024 ns
[    0.879104] NET: Registered protocol family 2
[    0.879314] tcp_listen_portaddr_hash hash table entries: 16384 (order: 6, 262144 bytes, linear)
[    0.879372] TCP established hash table entries: 262144 (order: 9, 2097152 bytes, linear)
[    0.879753] TCP bind hash table entries: 65536 (order: 8, 1048576 bytes, linear)
[    0.879901] TCP: Hash tables configured (established 262144 bind 65536)
[    0.880019] UDP hash table entries: 16384 (order: 7, 524288 bytes, linear)
[    0.880117] UDP-Lite hash table entries: 16384 (order: 7, 524288 bytes, linear)
[    0.880263] NET: Registered protocol family 1
[    0.880269] NET: Registered protocol family 44
[    0.880278] pci 0000:03:01.0: bridge window [io  0x1000-0x0fff] to [bus 05-39] add_size 1000
[    0.880281] pci 0000:02:00.0: bridge window [io  0x1000-0x0fff] to [bus 03-3a] add_size 1000
[    0.880283] pci 0000:00:1c.4: bridge window [io  0x1000-0x0fff] to [bus 02-3a] add_size 2000
[    0.880290] pci 0000:00:1c.4: BAR 13: assigned [io  0x4000-0x5fff]
[    0.880293] pci 0000:00:1c.0: PCI bridge to [bus 01]
[    0.880299] pci 0000:00:1c.0:   bridge window [mem 0xb6200000-0xb62fffff]
[    0.880308] pci 0000:02:00.0: BAR 13: assigned [io  0x4000-0x4fff]
[    0.880310] pci 0000:03:01.0: BAR 13: assigned [io  0x4000-0x4fff]
[    0.880311] pci 0000:03:00.0: PCI bridge to [bus 04]
[    0.880317] pci 0000:03:00.0:   bridge window [mem 0xb6000000-0xb60fffff]
[    0.880327] pci 0000:03:01.0: PCI bridge to [bus 05-39]
[    0.880330] pci 0000:03:01.0:   bridge window [io  0x4000-0x4fff]
[    0.880335] pci 0000:03:01.0:   bridge window [mem 0xa0000000-0xb5efffff]
[    0.880339] pci 0000:03:01.0:   bridge window [mem 0x1fd0000000-0x1ff1ffffff 64bit pref]
[    0.880346] pci 0000:03:02.0: PCI bridge to [bus 3a]
[    0.880352] pci 0000:03:02.0:   bridge window [mem 0xb5f00000-0xb5ffffff]
[    0.880361] pci 0000:02:00.0: PCI bridge to [bus 03-3a]
[    0.880364] pci 0000:02:00.0:   bridge window [io  0x4000-0x4fff]
[    0.880369] pci 0000:02:00.0:   bridge window [mem 0xa0000000-0xb60fffff]
[    0.880373] pci 0000:02:00.0:   bridge window [mem 0x1fd0000000-0x1ff1ffffff 64bit pref]
[    0.880379] pci 0000:00:1c.4: PCI bridge to [bus 02-3a]
[    0.880381] pci 0000:00:1c.4:   bridge window [io  0x4000-0x5fff]
[    0.880385] pci 0000:00:1c.4:   bridge window [mem 0xa0000000-0xb60fffff]
[    0.880388] pci 0000:00:1c.4:   bridge window [mem 0x1fd0000000-0x1ff1ffffff 64bit pref]
[    0.880393] pci 0000:00:1d.0: PCI bridge to [bus 3b]
[    0.880397] pci 0000:00:1d.0:   bridge window [mem 0xb6100000-0xb61fffff]
[    0.880405] pci_bus 0000:00: resource 4 [io  0x0000-0x0cf7 window]
[    0.880406] pci_bus 0000:00: resource 5 [io  0x0d00-0xffff window]
[    0.880408] pci_bus 0000:00: resource 6 [mem 0x000a0000-0x000bffff window]
[    0.880409] pci_bus 0000:00: resource 7 [mem 0x000c0000-0x000c3fff window]
[    0.880410] pci_bus 0000:00: resource 8 [mem 0x000c4000-0x000c7fff window]
[    0.880412] pci_bus 0000:00: resource 9 [mem 0x000c8000-0x000cbfff window]
[    0.880413] pci_bus 0000:00: resource 10 [mem 0x000cc000-0x000cffff window]
[    0.880414] pci_bus 0000:00: resource 11 [mem 0x000d0000-0x000d3fff window]
[    0.880415] pci_bus 0000:00: resource 12 [mem 0x000d4000-0x000d7fff window]
[    0.880417] pci_bus 0000:00: resource 13 [mem 0x000d8000-0x000dbfff window]
[    0.880418] pci_bus 0000:00: resource 14 [mem 0x000dc000-0x000dffff window]
[    0.880419] pci_bus 0000:00: resource 15 [mem 0x000e0000-0x000e3fff window]
[    0.880420] pci_bus 0000:00: resource 16 [mem 0x000e4000-0x000e7fff window]
[    0.880422] pci_bus 0000:00: resource 17 [mem 0x000e8000-0x000ebfff window]
[    0.880423] pci_bus 0000:00: resource 18 [mem 0x000ec000-0x000effff window]
[    0.880424] pci_bus 0000:00: resource 19 [mem 0x000f0000-0x000fffff window]
[    0.880425] pci_bus 0000:00: resource 20 [mem 0x9c800000-0xefffffff window]
[    0.880427] pci_bus 0000:00: resource 21 [mem 0x1c00000000-0x1fffffffff window]
[    0.880428] pci_bus 0000:00: resource 22 [mem 0xfd000000-0xfe7fffff window]
[    0.880430] pci_bus 0000:01: resource 1 [mem 0xb6200000-0xb62fffff]
[    0.880431] pci_bus 0000:02: resource 0 [io  0x4000-0x5fff]
[    0.880432] pci_bus 0000:02: resource 1 [mem 0xa0000000-0xb60fffff]
[    0.880434] pci_bus 0000:02: resource 2 [mem 0x1fd0000000-0x1ff1ffffff 64bit pref]
[    0.880435] pci_bus 0000:03: resource 0 [io  0x4000-0x4fff]
[    0.880436] pci_bus 0000:03: resource 1 [mem 0xa0000000-0xb60fffff]
[    0.880437] pci_bus 0000:03: resource 2 [mem 0x1fd0000000-0x1ff1ffffff 64bit pref]
[    0.880439] pci_bus 0000:04: resource 1 [mem 0xb6000000-0xb60fffff]
[    0.880441] pci_bus 0000:05: resource 0 [io  0x4000-0x4fff]
[    0.880442] pci_bus 0000:05: resource 1 [mem 0xa0000000-0xb5efffff]
[    0.880444] pci_bus 0000:05: resource 2 [mem 0x1fd0000000-0x1ff1ffffff 64bit pref]
[    0.880445] pci_bus 0000:3a: resource 1 [mem 0xb5f00000-0xb5ffffff]
[    0.880446] pci_bus 0000:3b: resource 1 [mem 0xb6100000-0xb61fffff]
[    0.880605] pci 0000:00:02.0: Video device with shadowed ROM at [mem 0x000c0000-0x000dffff]
[    0.880617] pci 0000:00:14.0: enabling device (0000 -> 0002)
[    0.881774] PCI: CLS 128 bytes, default 64
[    0.881818] Trying to unpack rootfs image as initramfs...
[    1.673059] Freeing initrd memory: 34808K
[    1.678278] PCI-DMA: Using software bounce buffering for IO (SWIOTLB)
[    1.678285] software IO TLB: mapped [mem 0x6e291000-0x72291000] (64MB)
[    1.678433] platform rtc_cmos: registered platform RTC device (no PNP device found)
[    1.679711] Initialise system trusted keyrings
[    1.679734] Key type blacklist registered
[    1.679813] workingset: timestamp_bits=36 max_order=23 bucket_order=0
[    1.681594] zbud: loaded
[    1.682246] integrity: Platform Keyring initialized
[    1.695544] NET: Registered protocol family 38
[    1.695546] Key type asymmetric registered
[    1.695547] Asymmetric key parser 'x509' registered
[    1.695555] Block layer SCSI generic (bsg) driver version 0.4 loaded (major 245)
[    1.695611] io scheduler mq-deadline registered
[    1.695612] io scheduler kyber registered
[    1.695642] io scheduler bfq registered
[    1.695743] atomic64_test: passed for x86-64 platform with CX8 and with SSE
[    1.696174] pcieport 0000:00:1c.0: PME: Signaling with IRQ 122
[    1.696323] pcieport 0000:00:1c.4: PME: Signaling with IRQ 123
[    1.696350] pcieport 0000:00:1c.4: pciehp: Slot #4 AttnBtn- PwrCtrl- MRL- AttnInd- PwrInd- HotPlug+ Surprise+ Interlock- NoCompl+ IbPresDis- LLActRep+
[    1.696692] pcieport 0000:00:1d.0: PME: Signaling with IRQ 124
[    1.697226] pcieport 0000:03:01.0: pciehp: Slot #1 AttnBtn- PwrCtrl- MRL- AttnInd- PwrInd- HotPlug+ Surprise+ Interlock- NoCompl+ IbPresDis- LLActRep+
[    1.697595] shpchp: Standard Hot Plug PCI Controller Driver version: 0.4
[    1.697625] efifb: probing for efifb
[    1.697649] efifb: showing boot graphics
[    1.701165] efifb: framebuffer at 0x1fc0000000, using 32400k, total 32400k
[    1.701167] efifb: mode is 3840x2160x32, linelength=15360, pages=1
[    1.701167] efifb: scrolling: redraw
[    1.701169] efifb: Truecolor: size=8:8:8:8, shift=24:16:8:0
[    1.701215] fbcon: Deferring console take-over
[    1.701216] fb0: EFI VGA frame buffer device
[    1.701224] intel_idle: MWAIT substates: 0x11142120
[    1.701225] intel_idle: v0.5.1 model 0x8E
[    1.702020] intel_idle: Local APIC timer is reliable in all C-states
[    1.702406] ACPI: AC Adapter [AC] (on-line)
[    1.702527] input: Sleep Button as /devices/LNXSYSTM:00/LNXSYBUS:00/PNP0C0E:00/input/input0
[    1.702550] ACPI: Sleep Button [SLPB]
[    1.702591] input: Lid Switch as /devices/LNXSYSTM:00/LNXSYBUS:00/PNP0C0D:00/input/input1
[    1.702613] ACPI: Lid Switch [LID]
[    1.702644] input: Power Button as /devices/LNXSYSTM:00/LNXSYBUS:00/PNP0C0C:00/input/input2
[    1.702662] ACPI: Power Button [PWRB]
[    1.702701] input: Power Button as /devices/LNXSYSTM:00/LNXPWRBN:00/input/input3
[    1.702743] ACPI: Power Button [PWRF]
[    1.703925] thermal LNXTHERM:00: registered as thermal_zone0
[    1.703926] ACPI: Thermal Zone [HEPZ] (30 C)
[    1.712907] thermal LNXTHERM:01: registered as thermal_zone1
[    1.712909] ACPI: Thermal Zone [CPUZ] (29 C)
[    1.721437] thermal LNXTHERM:02: registered as thermal_zone2
[    1.721438] ACPI: Thermal Zone [GFXZ] (0 C)
[    1.726673] thermal LNXTHERM:03: registered as thermal_zone3
[    1.726675] ACPI: Thermal Zone [EXTZ] (21 C)
[    1.731789] thermal LNXTHERM:04: registered as thermal_zone4
[    1.731791] ACPI: Thermal Zone [LOCZ] (23 C)
[    1.748771] thermal LNXTHERM:05: registered as thermal_zone5
[    1.748773] ACPI: Thermal Zone [BATZ] (21 C)
[    1.753958] thermal LNXTHERM:06: registered as thermal_zone6
[    1.753959] ACPI: Thermal Zone [CHGZ] (32 C)
[    1.759304] thermal LNXTHERM:07: registered as thermal_zone7
[    1.759305] ACPI: Thermal Zone [PCHZ] (0 C)
[    1.759744] Serial: 8250/16550 driver, 32 ports, IRQ sharing enabled
[    1.762635] Non-volatile memory driver v1.3
[    1.762719] Linux agpgart interface v0.103
[    1.767383] tpm_tis IFX0763:00: 2.0 TPM (device-id 0x1B, rev-id 16)
[    1.784295] battery: ACPI: Battery Slot [BAT0] (battery present)
[    1.789933] intel-lpss 0000:00:15.0: enabling device (0000 -> 0002)
[    1.799533] intel-lpss 0000:00:15.1: enabling device (0000 -> 0002)
[    1.809297] libphy: Fixed MDIO Bus: probed
[    1.809510] ehci_hcd: USB 2.0 'Enhanced' Host Controller (EHCI) Driver
[    1.809518] ehci-pci: EHCI PCI platform driver
[    1.809534] ohci_hcd: USB 1.1 'Open' Host Controller (OHCI) Driver
[    1.809536] ohci-pci: OHCI PCI platform driver
[    1.809546] uhci_hcd: USB Universal Host Controller Interface driver
[    1.809751] xhci_hcd 0000:00:14.0: xHCI Host Controller
[    1.809921] xhci_hcd 0000:00:14.0: new USB bus registered, assigned bus number 1
[    1.811005] xhci_hcd 0000:00:14.0: hcc params 0x200077c1 hci version 0x100 quirks 0x0000000081109810
[    1.811196] xhci_hcd 0000:00:14.0: cache line size of 128 is not supported
[    1.811430] usb usb1: New USB device found, idVendor=1d6b, idProduct=0002, bcdDevice= 5.08
[    1.811432] usb usb1: New USB device strings: Mfr=3, Product=2, SerialNumber=1
[    1.811436] usb usb1: Product: xHCI Host Controller
[    1.811437] usb usb1: Manufacturer: Linux 5.8.13-200.fc32.x86_64 xhci-hcd
[    1.811438] usb usb1: SerialNumber: 0000:00:14.0
[    1.811690] hub 1-0:1.0: USB hub found
[    1.811713] hub 1-0:1.0: 12 ports detected
[    1.812837] xhci_hcd 0000:00:14.0: xHCI Host Controller
[    1.812979] xhci_hcd 0000:00:14.0: new USB bus registered, assigned bus number 2
[    1.812984] xhci_hcd 0000:00:14.0: Host supports USB 3.0 SuperSpeed
[    1.813029] usb usb2: New USB device found, idVendor=1d6b, idProduct=0003, bcdDevice= 5.08
[    1.813030] usb usb2: New USB device strings: Mfr=3, Product=2, SerialNumber=1
[    1.813032] usb usb2: Product: xHCI Host Controller
[    1.813033] usb usb2: Manufacturer: Linux 5.8.13-200.fc32.x86_64 xhci-hcd
[    1.813034] usb usb2: SerialNumber: 0000:00:14.0
[    1.813200] hub 2-0:1.0: USB hub found
[    1.813211] hub 2-0:1.0: 6 ports detected
[    1.813658] usb: port power management may be unreliable
[    1.814000] xhci_hcd 0000:3a:00.0: xHCI Host Controller
[    1.814103] xhci_hcd 0000:3a:00.0: new USB bus registered, assigned bus number 3
[    1.815242] xhci_hcd 0000:3a:00.0: hcc params 0x200077c1 hci version 0x110 quirks 0x0000000200009810
[    1.815472] usb usb3: New USB device found, idVendor=1d6b, idProduct=0002, bcdDevice= 5.08
[    1.815474] usb usb3: New USB device strings: Mfr=3, Product=2, SerialNumber=1
[    1.815475] usb usb3: Product: xHCI Host Controller
[    1.815476] usb usb3: Manufacturer: Linux 5.8.13-200.fc32.x86_64 xhci-hcd
[    1.815477] usb usb3: SerialNumber: 0000:3a:00.0
[    1.815637] hub 3-0:1.0: USB hub found
[    1.815645] hub 3-0:1.0: 2 ports detected
[    1.816213] xhci_hcd 0000:3a:00.0: xHCI Host Controller
[    1.816300] xhci_hcd 0000:3a:00.0: new USB bus registered, assigned bus number 4
[    1.816303] xhci_hcd 0000:3a:00.0: Host supports USB 3.1 Enhanced SuperSpeed
[    1.816345] usb usb4: New USB device found, idVendor=1d6b, idProduct=0003, bcdDevice= 5.08
[    1.816346] usb usb4: New USB device strings: Mfr=3, Product=2, SerialNumber=1
[    1.816348] usb usb4: Product: xHCI Host Controller
[    1.816349] usb usb4: Manufacturer: Linux 5.8.13-200.fc32.x86_64 xhci-hcd
[    1.816350] usb usb4: SerialNumber: 0000:3a:00.0
[    1.816513] hub 4-0:1.0: USB hub found
[    1.816523] hub 4-0:1.0: 2 ports detected
[    1.816966] usbcore: registered new interface driver usbserial_generic
[    1.816971] usbserial: USB Serial support registered for generic
[    1.817006] i8042: PNP: PS/2 Controller [PNP0303:PS2K,PNP0f13:PS2M] at 0x60,0x64 irq 1,12
[    1.817602] i8042: Detected active multiplexing controller, rev 1.1
[    1.817780] serio: i8042 KBD port at 0x60,0x64 irq 1
[    1.817784] serio: i8042 AUX0 port at 0x60,0x64 irq 12
[    1.817815] serio: i8042 AUX1 port at 0x60,0x64 irq 12
[    1.817837] serio: i8042 AUX2 port at 0x60,0x64 irq 12
[    1.817860] serio: i8042 AUX3 port at 0x60,0x64 irq 12
[    1.818001] mousedev: PS/2 mouse device common for all mice
[    1.818204] rtc_cmos rtc_cmos: RTC can wake from S4
[    1.818850] rtc_cmos rtc_cmos: registered as rtc0
[    1.819016] rtc_cmos rtc_cmos: setting system clock to 2020-10-08T09:00:06 UTC (1602147606)
[    1.819018] rtc_cmos rtc_cmos: alarms up to one month, y3k, 114 bytes nvram, hpet irqs
[    1.819087] device-mapper: uevent: version 1.0.3
[    1.819161] device-mapper: ioctl: 4.42.0-ioctl (2020-02-27) initialised: dm-devel@redhat.com
[    1.819302] intel_pstate: Intel P-state driver initializing
[    1.819970] intel_pstate: HWP enabled
[    1.820115] hid: raw HID events driver (C) Jiri Kosina
[    1.820145] usbcore: registered new interface driver usbhid
[    1.820146] usbhid: USB HID core driver
[    1.820666] intel_pmc_core intel_pmc_core.0:  initialized
[    1.820772] drop_monitor: Initializing network drop monitor service
[    1.820850] Initializing XFRM netlink socket
[    1.820953] NET: Registered protocol family 10
[    1.825080] Segment Routing with IPv6
[    1.825081] RPL Segment Routing with IPv6
[    1.825099] mip6: Mobile IPv6
[    1.825100] NET: Registered protocol family 17
[    1.825975] microcode: sig=0x806ea, pf=0x80, revision=0xd6
[    1.826115] microcode: Microcode Update Driver: v2.2.
[    1.826120] IPI shorthand broadcast: enabled
[    1.826125] AVX2 version of gcm_enc/dec engaged.
[    1.826126] AES CTR mode by8 optimization enabled
[    1.843118] input: AT Translated Set 2 keyboard as /devices/platform/i8042/serio0/input/input4
[    1.848314] sched_clock: Marking stable (1844317751, 3988407)->(1861054313, -12748155)
[    1.848523] registered taskstats version 1
[    1.848531] Loading compiled-in X.509 certificates
[    1.849430] Loaded X.509 cert 'Fedora kernel signing key: 6c2bab4c0b0bc6e4ec4b6ca1375b66d70343463b'
[    1.849452] zswap: loaded using pool lzo/zbud
[    1.849843] Key type ._fscrypt registered
[    1.849844] Key type .fscrypt registered
[    1.849844] Key type fscrypt-provisioning registered
[    1.850013] Btrfs loaded, crc32c=crc32c-generic
[    1.853091] Key type encrypted registered
[    1.854278] integrity: Loading X.509 certificate: UEFI:db
[    1.854310] integrity: Loaded X.509 cert 'HP Inc.: HP UEFI Secure Boot DB 2017: d9c01b50cfcae89d3b05345c163aa76e5dd589e7'
[    1.854311] integrity: Loading X.509 certificate: UEFI:db
[    1.854337] integrity: Loaded X.509 cert 'Microsoft Windows Production PCA 2011: a92902398e16c49778cd90f99e4f9ae17c55af53'
[    1.854337] integrity: Loading X.509 certificate: UEFI:db
[    1.854357] integrity: Loaded X.509 cert 'Microsoft Corporation UEFI CA 2011: 13adbf4309bd82709c8cd54f316ed522988a1bd4'
[    1.855929] ima: Allocated hash algorithm: sha256
[    1.898347] ima: No architecture policies found
[    1.900980] PM:   Magic number: 8:539:19
[    1.901323] RAS: Correctable Errors collector initialized.
[    1.901328] Lockdown: swapper/0: hibernation is restricted; see man kernel_lockdown.7
[    1.903950] Freeing unused decrypted memory: 2040K
[    1.904981] Freeing unused kernel image (initmem) memory: 2504K
[    1.905112] Write protecting the kernel read-only data: 26624k
[    1.906344] Freeing unused kernel image (text/rodata gap) memory: 2044K
[    1.907117] Freeing unused kernel image (rodata/data gap) memory: 1616K
[    1.972876] x86/mm: Checked W+X mappings: passed, no W+X pages found.
[    1.972879] rodata_test: all tests were successful
[    1.972879] x86/mm: Checking user space page tables
[    2.014027] x86/mm: Checked W+X mappings: passed, no W+X pages found.
[    2.014030] Run /init as init process
[    2.014031]   with arguments:
[    2.014031]     /init
[    2.014032]     rhgb
[    2.014032]   with environment:
[    2.014032]     HOME=/
[    2.014033]     TERM=linux
[    2.014033]     BOOT_IMAGE=(hd1,gpt5)/vmlinuz-5.8.13-200.fc32.x86_64
[    2.142382] usb 1-1: new full-speed USB device number 2 using xhci_hcd
[    2.167677] systemd[1]: systemd v245.8-2.fc32 running in system mode. (+PAM +AUDIT +SELINUX +IMA -APPARMOR +SMACK +SYSVINIT +UTMP +LIBCRYPTSETUP +GCRYPT +GNUTLS +ACL +XZ +LZ4 +SECCOMP +BLKID +ELFUTILS +KMOD +IDN2 -IDN +PCRE2 default-hierarchy=unified)
[    2.179579] systemd[1]: Detected architecture x86-64.
[    2.179581] systemd[1]: Running in initial RAM disk.
[    2.179602] systemd[1]: Set hostname to <taran.in.noisy.linuxed.net>.
[    2.179843] Lockdown: systemd: /dev/mem,kmem,port is restricted; see man kernel_lockdown.7
[    2.229255] systemd[1]: Created slice system-systemd\x2dhibernate\x2dresume.slice.
[    2.229321] systemd[1]: Reached target Slices.
[    2.229332] systemd[1]: Reached target Swap.
[    2.229340] systemd[1]: Reached target Timers.
[    2.229460] systemd[1]: Listening on Journal Audit Socket.
[    2.229541] systemd[1]: Listening on Journal Socket (/dev/log).
[    2.229609] systemd[1]: Listening on Journal Socket.
[    2.229681] systemd[1]: Listening on udev Control Socket.
[    2.229724] systemd[1]: Listening on udev Kernel Socket.
[    2.229734] systemd[1]: Reached target Sockets.
[    2.230236] systemd[1]: Starting Create list of static device nodes for the current kernel...
[    2.230736] systemd[1]: Started Hardware RNG Entropy Gatherer Daemon.
[    2.231724] systemd[1]: Starting Journal Service...
[    2.232255] systemd[1]: Starting Load Kernel Modules...
[    2.232831] systemd[1]: Starting Setup Virtual Console...
[    2.233368] systemd[1]: Finished Create list of static device nodes for the current kernel.
[    2.233915] systemd[1]: Starting Create Static Device Nodes in /dev...
[    2.242285] usb 4-1: new SuperSpeed Gen 1 USB device number 2 using xhci_hcd
[    2.243358] systemd[1]: Finished Create Static Device Nodes in /dev.
[    2.256972] usb 4-1: New USB device found, idVendor=05e3, idProduct=0626, bcdDevice= 6.53
[    2.256974] usb 4-1: New USB device strings: Mfr=1, Product=2, SerialNumber=0
[    2.256975] usb 4-1: Product: USB3.1 Hub
[    2.256976] usb 4-1: Manufacturer: GenesysLogic
[    2.258553] hub 4-1:1.0: USB hub found
[    2.258835] hub 4-1:1.0: 4 ports detected
[    2.273216] usb 1-1: New USB device found, idVendor=046d, idProduct=c52b, bcdDevice=24.07
[    2.273217] usb 1-1: New USB device strings: Mfr=1, Product=2, SerialNumber=0
[    2.273217] usb 1-1: Product: USB Receiver
[    2.273218] usb 1-1: Manufacturer: Logitech
[    2.276757] input: Logitech USB Receiver as /devices/pci0000:00/0000:00:14.0/usb1/1-1/1-1:1.0/0003:046D:C52B.0001/input/input11
[    2.282866] fuse: init (API version 7.31)
[    2.283881] systemd[1]: Finished Load Kernel Modules.
[    2.283918] audit: type=1130 audit(1602147606.963:2): pid=1 uid=0 auid=4294967295 ses=4294967295 subj=kernel msg='unit=systemd-modules-load comm="systemd" exe="/usr/lib/systemd/systemd" hostname=? addr=? terminal=? res=success'
[    2.284654] systemd[1]: Starting Apply Kernel Variables...
[    2.294899] systemd[1]: Started Journal Service.
[    2.294958] audit: type=1130 audit(1602147606.974:3): pid=1 uid=0 auid=4294967295 ses=4294967295 subj=kernel msg='unit=systemd-journald comm="systemd" exe="/usr/lib/systemd/systemd" hostname=? addr=? terminal=? res=success'
[    2.301958] audit: type=1130 audit(1602147606.981:4): pid=1 uid=0 auid=4294967295 ses=4294967295 subj=kernel msg='unit=systemd-vconsole-setup comm="systemd" exe="/usr/lib/systemd/systemd" hostname=? addr=? terminal=? res=success'
[    2.328294] hid-generic 0003:046D:C52B.0001: input,hidraw0: USB HID v1.11 Keyboard [Logitech USB Receiver] on usb-0000:00:14.0-1/input0
[    2.329391] audit: type=1130 audit(1602147607.009:5): pid=1 uid=0 auid=4294967295 ses=4294967295 subj=kernel msg='unit=systemd-sysctl comm="systemd" exe="/usr/lib/systemd/systemd" hostname=? addr=? terminal=? res=success'
[    2.331369] input: Logitech USB Receiver Mouse as /devices/pci0000:00/0000:00:14.0/usb1/1-1/1-1:1.1/0003:046D:C52B.0002/input/input12
[    2.331428] input: Logitech USB Receiver Consumer Control as /devices/pci0000:00/0000:00:14.0/usb1/1-1/1-1:1.1/0003:046D:C52B.0002/input/input13
[    2.365918] audit: type=1130 audit(1602147607.045:6): pid=1 uid=0 auid=4294967295 ses=4294967295 subj=kernel msg='unit=dracut-cmdline comm="systemd" exe="/usr/lib/systemd/systemd" hostname=? addr=? terminal=? res=success'
[    2.383241] input: Logitech USB Receiver System Control as /devices/pci0000:00/0000:00:14.0/usb1/1-1/1-1:1.1/0003:046D:C52B.0002/input/input14
[    2.383330] hid-generic 0003:046D:C52B.0002: input,hiddev96,hidraw1: USB HID v1.11 Mouse [Logitech USB Receiver] on usb-0000:00:14.0-1/input1
[    2.385908] hid-generic 0003:046D:C52B.0003: hiddev97,hidraw2: USB HID v1.11 Device [Logitech USB Receiver] on usb-0000:00:14.0-1/input2
[    2.387504] audit: type=1130 audit(1602147607.067:7): pid=1 uid=0 auid=4294967295 ses=4294967295 subj=kernel msg='unit=dracut-pre-udev comm="systemd" exe="/usr/lib/systemd/systemd" hostname=? addr=? terminal=? res=success'
[    2.387855] audit: type=1334 audit(1602147607.067:8): prog-id=6 op=LOAD
[    2.387893] audit: type=1334 audit(1602147607.067:9): prog-id=7 op=LOAD
[    2.417484] audit: type=1130 audit(1602147607.097:10): pid=1 uid=0 auid=4294967295 ses=4294967295 subj=kernel msg='unit=systemd-udevd comm="systemd" exe="/usr/lib/systemd/systemd" hostname=? addr=? terminal=? res=success'
[    2.499168] usb 1-3: new high-speed USB device number 3 using xhci_hcd
[    2.508550] logitech-djreceiver 0003:046D:C52B.0003: hiddev96,hidraw0: USB HID v1.11 Device [Logitech USB Receiver] on usb-0000:00:14.0-1/input2
[    2.528305] usb 4-1.4: new SuperSpeed Gen 1 USB device number 3 using xhci_hcd
[    2.543026] usb 4-1.4: New USB device found, idVendor=05e3, idProduct=0626, bcdDevice= 6.53
[    2.543028] usb 4-1.4: New USB device strings: Mfr=1, Product=2, SerialNumber=0
[    2.543030] usb 4-1.4: Product: USB3.1 Hub
[    2.543031] usb 4-1.4: Manufacturer: GenesysLogic
[    2.545042] hub 4-1.4:1.0: USB hub found
[    2.545334] hub 4-1.4:1.0: 4 ports detected
[    2.556835] i2c_hid i2c-ALP0017:00: supply vdd not found, using dummy regulator
[    2.556845] i2c_hid i2c-ALP0017:00: supply vddl not found, using dummy regulator
[    2.565863] acpi PNP0C14:01: duplicate WMI GUID 05901221-D566-11D1-B2F0-00A0C9062910 (first instance was on PNP0C14:00)
[    2.583037] intel_ish_ipc 0000:00:13.0: enabling device (0000 -> 0002)
[    2.614167] input: Logitech Wireless Device PID:408a Keyboard as /devices/pci0000:00/0000:00:14.0/usb1/1-1/1-1:1.2/0003:046D:C52B.0003/0003:046D:408A.0004/input/input16
[    2.614312] input: Logitech Wireless Device PID:408a Mouse as /devices/pci0000:00/0000:00:14.0/usb1/1-1/1-1:1.2/0003:046D:C52B.0003/0003:046D:408A.0004/input/input17
[    2.614385] input: Logitech Wireless Device PID:408a Consumer Control as /devices/pci0000:00/0000:00:14.0/usb1/1-1/1-1:1.2/0003:046D:C52B.0003/0003:046D:408A.0004/input/input18
[    2.614425] input: Logitech Wireless Device PID:408a System Control as /devices/pci0000:00/0000:00:14.0/usb1/1-1/1-1:1.2/0003:046D:C52B.0003/0003:046D:408A.0004/input/input19
[    2.614465] hid-generic 0003:046D:408A.0004: input,hidraw1: USB HID v1.11 Keyboard [Logitech Wireless Device PID:408a] on usb-0000:00:14.0-1/input2:1
[    2.616089] input: Logitech Wireless Device PID:4041 Keyboard as /devices/pci0000:00/0000:00:14.0/usb1/1-1/1-1:1.2/0003:046D:C52B.0003/0003:046D:4041.0005/input/input23
[    2.616228] input: Logitech Wireless Device PID:4041 Mouse as /devices/pci0000:00/0000:00:14.0/usb1/1-1/1-1:1.2/0003:046D:C52B.0003/0003:046D:4041.0005/input/input24
[    2.616311] input: Logitech Wireless Device PID:4041 Consumer Control as /devices/pci0000:00/0000:00:14.0/usb1/1-1/1-1:1.2/0003:046D:C52B.0003/0003:046D:4041.0005/input/input25
[    2.616354] input: Logitech Wireless Device PID:4041 System Control as /devices/pci0000:00/0000:00:14.0/usb1/1-1/1-1:1.2/0003:046D:C52B.0003/0003:046D:4041.0005/input/input26
[    2.616395] hid-generic 0003:046D:4041.0005: input,hidraw2: USB HID v1.11 Keyboard [Logitech Wireless Device PID:4041] on usb-0000:00:14.0-1/input2:2
[    2.627971] usb 1-3: New USB device found, idVendor=03f0, idProduct=a31d, bcdDevice= 1.02
[    2.627973] usb 1-3: New USB device strings: Mfr=1, Product=2, SerialNumber=3
[    2.627974] usb 1-3: Product: HP lt4132 LTE/HSPA+ 4G Module
[    2.627975] usb 1-3: Manufacturer: HP Inc.
[    2.627976] usb 1-3: SerialNumber: 0123456789ABCDEF
[    2.643029] e1000e: Intel(R) PRO/1000 Network Driver - 3.2.6-k
[    2.643029] e1000e: Copyright(c) 1999 - 2015 Intel Corporation.
[    2.644749] e1000e 0000:00:1f.6: Interrupt Throttling Rate (ints/sec) set to dynamic conservative mode
[    2.676323] nvme nvme0: pci function 0000:3b:00.0
[    2.686712] nvme nvme0: 8/0/0 default/read/poll queues
[    2.689863]  nvme0n1: p1 p2 p3 p4 p5 p6
[    2.708212] input: ALP0017:00 044E:121C Mouse as /devices/pci0000:00/0000:00:15.1/i2c_designware.1/i2c-1/i2c-ALP0017:00/0018:044E:121C.0006/input/input30
[    2.708277] input: ALP0017:00 044E:121C Touchpad as /devices/pci0000:00/0000:00:15.1/i2c_designware.1/i2c-1/i2c-ALP0017:00/0018:044E:121C.0006/input/input31
[    2.708325] input: ALP0017:00 044E:121C as /devices/pci0000:00/0000:00:15.1/i2c_designware.1/i2c-1/i2c-ALP0017:00/0018:044E:121C.0006/input/input32
[    2.708367] hid-generic 0018:044E:121C.0006: input,hidraw3: I2C HID v1.00 Mouse [ALP0017:00 044E:121C] on i2c-ALP0017:00
[    2.720187] tsc: Refined TSC clocksource calibration: 1991.999 MHz
[    2.720206] clocksource: tsc: mask: 0xffffffffffffffff max_cycles: 0x396d4ffc055, max_idle_ns: 881590662783 ns
[    2.720219] clocksource: Switched to clocksource tsc
[    2.732222] e1000e 0000:00:1f.6 0000:00:1f.6 (uninitialized): registered PHC clock
[    2.732870] input: PS/2 Generic Mouse as /devices/platform/i8042/serio2/input/input10
[    2.748170] usb 1-5: new high-speed USB device number 4 using xhci_hcd
[    2.800434] e1000e 0000:00:1f.6 eth0: (PCI Express:2.5GT/s:Width x1) b0:0c:d1:2e:1a:1f
[    2.800436] e1000e 0000:00:1f.6 eth0: Intel(R) PRO/1000 Network Connection
[    2.800513] e1000e 0000:00:1f.6 eth0: MAC: 12, PHY: 12, PBA No: FFFFFF-0FF
[    2.802580] input: ALP0017:00 044E:121C Mouse as /devices/pci0000:00/0000:00:15.1/i2c_designware.1/i2c-1/i2c-ALP0017:00/0018:044E:121C.0006/input/input34
[    2.802665] input: ALP0017:00 044E:121C Touchpad as /devices/pci0000:00/0000:00:15.1/i2c_designware.1/i2c-1/i2c-ALP0017:00/0018:044E:121C.0006/input/input35
[    2.802735] input: ALP0017:00 044E:121C UNKNOWN as /devices/pci0000:00/0000:00:15.1/i2c_designware.1/i2c-1/i2c-ALP0017:00/0018:044E:121C.0006/input/input36
[    2.802773] hid-multitouch 0018:044E:121C.0006: input,hidraw3: I2C HID v1.00 Mouse [ALP0017:00 044E:121C] on i2c-ALP0017:00
[    2.816209] usb 4-1.4.1: new SuperSpeed Gen 1 USB device number 4 using xhci_hcd
[    2.828681] usb 4-1.4.1: New USB device found, idVendor=0bda, idProduct=8153, bcdDevice=31.00
[    2.828682] usb 4-1.4.1: New USB device strings: Mfr=1, Product=2, SerialNumber=6
[    2.828682] usb 4-1.4.1: Product: USB 10/100/1000 LAN
[    2.828683] usb 4-1.4.1: Manufacturer: Realtek
[    2.828684] usb 4-1.4.1: SerialNumber: 001000001
[    2.838273] e1000e 0000:00:1f.6 enp0s31f6: renamed from eth0
[    2.843213] usbcore: registered new interface driver r8152
[    2.874642] checking generic (1fc0000000 1fa4000) vs hw (1ff2000000 1000000)
[    2.874643] checking generic (1fc0000000 1fa4000) vs hw (1fc0000000 10000000)
[    2.874644] fb0: switching to inteldrmfb from EFI VGA
[    2.874701] i915 0000:00:02.0: vgaarb: deactivate vga console
[    2.876053] [drm] Supports vblank timestamp caching Rev 2 (21.10.2013).
[    2.876747] i915 0000:00:02.0: vgaarb: changed VGA decodes: olddecodes=io+mem,decodes=io+mem:owns=io+mem
[    2.877200] i915 0000:00:02.0: [drm] Finished loading DMC firmware i915/kbl_dmc_ver1_04.bin (v1.4)
[    2.893460] usb 4-1.4.4: new SuperSpeed Gen 1 USB device number 5 using xhci_hcd
[    2.895582] usb 1-5: New USB device found, idVendor=05e3, idProduct=0610, bcdDevice= 6.53
[    2.895583] usb 1-5: New USB device strings: Mfr=1, Product=2, SerialNumber=0
[    2.895584] usb 1-5: Product: USB2.1 Hub
[    2.895584] usb 1-5: Manufacturer: GenesysLogic
[    2.898243] hub 1-5:1.0: USB hub found
[    2.901687] hub 1-5:1.0: 4 ports detected
[    2.909763] usb 4-1.4.4: New USB device found, idVendor=05e3, idProduct=0749, bcdDevice=15.37
[    2.909764] usb 4-1.4.4: New USB device strings: Mfr=3, Product=4, SerialNumber=5
[    2.909765] usb 4-1.4.4: Product: USB3.0 Card Reader
[    2.909765] usb 4-1.4.4: Manufacturer: Generic
[    2.909766] usb 4-1.4.4: SerialNumber: 000000001537
[    2.919678] usb-storage 4-1.4.4:1.0: USB Mass Storage device detected
[    2.919752] scsi host0: usb-storage 4-1.4.4:1.0
[    2.919825] usbcore: registered new interface driver usb-storage
[    2.922294] usbcore: registered new interface driver uas
[    2.972422] usb 4-1.4.1: reset SuperSpeed Gen 1 USB device number 4 using xhci_hcd
[    3.002985] r8152 4-1.4.1:1.0: load rtl8153b-2 v1 10/23/19 successfully
[    3.029475] r8152 4-1.4.1:1.0 eth0: v1.11.11
[    3.032197] r8152 4-1.4.1:1.0 ens4u1u4u1: renamed from eth0
[    3.035166] usb 1-7: new full-speed USB device number 5 using xhci_hcd
[    3.156527] ish-hid {33AECD58-B679-4E54-9BD9-A04D34F0C226}: [hid-ish]: enum_devices_done OK, num_hid_devices=1
[    3.157630] hid-generic 001F:8087:0AC2.0007: hidraw4: <UNKNOWN> HID v2.00 Device [hid-ishtp 8087:0AC2] on 
[    3.162018] usb 1-7: New USB device found, idVendor=8087, idProduct=0a2b, bcdDevice= 0.10
[    3.162019] usb 1-7: New USB device strings: Mfr=0, Product=0, SerialNumber=0
[    3.258165] usb 1-5.4: new high-speed USB device number 6 using xhci_hcd
[    3.368598] usb 1-5.4: New USB device found, idVendor=05e3, idProduct=0610, bcdDevice= 6.53
[    3.368599] usb 1-5.4: New USB device strings: Mfr=1, Product=2, SerialNumber=0
[    3.368599] usb 1-5.4: Product: USB2.1 Hub
[    3.368600] usb 1-5.4: Manufacturer: GenesysLogic
[    3.369320] hub 1-5.4:1.0: USB hub found
[    3.369605] hub 1-5.4:1.0: 4 ports detected
[    3.481164] usb 1-8: new full-speed USB device number 7 using xhci_hcd
[    3.608316] usb 1-8: New USB device found, idVendor=138a, idProduct=00ab, bcdDevice= 1.64
[    3.608317] usb 1-8: New USB device strings: Mfr=0, Product=0, SerialNumber=1
[    3.608318] usb 1-8: SerialNumber: a347948614ea
[    3.694539] input: AlpsPS/2 ALPS GlidePoint as /devices/platform/i8042/serio3/input/input33
[    3.695170] usb 1-5.4.3: new full-speed USB device number 8 using xhci_hcd
[    3.796338] usb 1-5.4.3: New USB device found, idVendor=1d5c, idProduct=7102, bcdDevice= 1.00
[    3.796339] usb 1-5.4.3: New USB device strings: Mfr=1, Product=2, SerialNumber=0
[    3.796339] usb 1-5.4.3: Product: Generic Billboard Device
[    3.796340] usb 1-5.4.3: Manufacturer: Fresco Logic, Inc
[    3.909165] usb 1-9: new high-speed USB device number 9 using xhci_hcd
[    3.938790] scsi 0:0:0:0: Direct-Access     Generic  MassStorageClass 1537 PQ: 0 ANSI: 6
[    3.938911] sd 0:0:0:0: Attached scsi generic sg0 type 0
[    3.949010] sd 0:0:0:0: [sda] Attached SCSI removable disk
[    4.031175] [drm] Initialized i915 1.6.0 20200515 for 0000:00:02.0 on minor 0
[    4.033701] ACPI: Video Device [GFX0] (multi-head: yes  rom: no  post: no)
[    4.034130] input: Video Bus as /devices/LNXSYSTM:00/LNXSYBUS:00/PNP0A08:00/LNXVIDEO:00/input/input38
[    4.100014] usb 1-9: New USB device found, idVendor=0408, idProduct=5411, bcdDevice= 0.01
[    4.100015] usb 1-9: New USB device strings: Mfr=3, Product=1, SerialNumber=2
[    4.100016] usb 1-9: Product: HP HD Camera
[    4.100017] usb 1-9: Manufacturer: Quanta
[    4.100017] usb 1-9: SerialNumber: 0001
[    4.105097] ------------[ cut here ]------------
[    4.105103] WARNING: CPU: 7 PID: 243 at kernel/kmod.c:137 __request_module+0x22d/0x3af
[    4.105103] Modules linked in: hid_sensor_hub intel_ishtp_loader intel_ishtp_hid uas usb_storage i915 r8152 mii hid_multitouch i2c_algo_bit crct10dif_pclmul drm_kms_helper crc32_pclmul crc32c_intel nvme cec e1000e ghash_clmulni_intel serio_raw nvme_core drm intel_ish_ipc intel_ishtp wmi i2c_hid pinctrl_sunrisepoint video pinctrl_intel hid_logitech_dj fuse
[    4.105114] CPU: 7 PID: 243 Comm: kworker/u16:2 Not tainted 5.8.13-200.fc32.x86_64 #1
[    4.105114] Hardware name: HP HP EliteBook 850 G5/83B2, BIOS Q78 Ver. 01.12.00 07/28/2020
[    4.105116] Workqueue: events_unbound async_run_entry_fn
[    4.105118] RIP: 0010:__request_module+0x22d/0x3af
[    4.105120] Code: 44 89 ea 48 8d b5 68 ff ff ff e8 9e 94 cf 00 49 8b 04 24 48 85 c0 75 dc e9 b5 fe ff ff e8 6b ea ff ff 84 c0 0f 84 20 fe ff ff <0f> 0b e9 19 fe ff ff 48 c7 c6 70 29 04 ae 48 c7 c7 e0 75 a5 ae e8
[    4.105120] RSP: 0018:ffffadb680a839b8 EFLAGS: 00010202
[    4.105121] RAX: ffff8e88773b8201 RBX: 0000000000000001 RCX: 0000000000000000
[    4.105122] RDX: ffffffffc059dad3 RSI: ffffffffae445a1e RDI: ffff8e8876982740
[    4.105123] RBP: ffffadb680a83a90 R08: ffff8e887ded542b R09: 0000000000000000
[    4.105123] R10: ffffadb680a83aa0 R11: ffff8e887ded542b R12: ffffffffae445a1e
[    4.105124] R13: ffffadb680a83aa0 R14: ffff8e88730a5000 R15: ffff8e8872101660
[    4.105125] FS:  0000000000000000(0000) GS:ffff8e8881dc0000(0000) knlGS:0000000000000000
[    4.105126] CS:  0010 DS: 0000 ES: 0000 CR0: 0000000080050033
[    4.105127] CR2: 000056154dd856a8 CR3: 0000000835d4a004 CR4: 00000000003606e0
[    4.105127] Call Trace:
[    4.105132]  ? kvasprintf+0x6d/0xa0
[    4.105134]  ? kobject_set_name_vargs+0x6f/0x90
[    4.105138]  rc_map_get+0x30/0x60
[    4.105139]  rc_register_device+0x108/0x510
[    4.105143]  cec_register_adapter+0x5c/0x280 [cec]
[    4.105154]  drm_dp_cec_set_edid+0x11e/0x178 [drm_kms_helper]
[    4.105224]  intel_dp_set_edid+0x8d/0xc0 [i915]
[    4.105287]  intel_dp_detect+0x188/0x5c0 [i915]
[    4.105299]  drm_helper_probe_single_connector_modes+0xc2/0x6d0 [drm_kms_helper]
[    4.105321]  drm_client_modeset_probe+0x25b/0x1320 [drm]
[    4.105325]  ? kfree+0x1ea/0x200
[    4.105328]  ? update_load_avg+0x7a/0x610
[    4.105337]  __drm_fb_helper_initial_config_and_unlock+0x37/0x470 [drm_kms_helper]
[    4.105339]  ? cpumask_next+0x17/0x20
[    4.105342]  ? __update_idle_core+0x55/0xa0
[    4.105344]  ? _cond_resched+0x16/0x40
[    4.105401]  intel_fbdev_initial_config+0x14/0x30 [i915]
[    4.105404]  async_run_entry_fn+0x39/0x160
[    4.105407]  process_one_work+0x1b4/0x370
[    4.105409]  worker_thread+0x53/0x3e0
[    4.105410]  ? process_one_work+0x370/0x370
[    4.105411]  kthread+0x11b/0x140
[    4.105412]  ? __kthread_bind_mask+0x60/0x60
[    4.105415]  ret_from_fork+0x22/0x30
[    4.105417] ---[ end trace 87ccaeb11afa0bb6 ]---
[    4.129168] rc_core: IR keymap rc-cec not found
[    4.129169] Registered IR keymap rc-empty
[    4.129186] rc rc0: DP-1 as /devices/pci0000:00/0000:00:02.0/rc/rc0
[    4.129212] input: DP-1 as /devices/pci0000:00/0000:00:02.0/rc/rc0/input39
[    4.165540] fbcon: i915drmfb (fb0) is primary device
[    4.165541] fbcon: Deferring console take-over
[    4.165542] i915 0000:00:02.0: fb0: i915drmfb frame buffer device
[    4.203499] input: Logitech MX Keys as /devices/pci0000:00/0000:00:14.0/usb1/1-1/1-1:1.2/0003:046D:C52B.0003/0003:046D:408A.0004/input/input40
[    4.203629] logitech-hidpp-device 0003:046D:408A.0004: input,hidraw1: USB HID v1.11 Keyboard [Logitech MX Keys] on usb-0000:00:14.0-1/input2:1
[    4.285491] input: Logitech MX Master as /devices/pci0000:00/0000:00:14.0/usb1/1-1/1-1:1.2/0003:046D:C52B.0003/0003:046D:4041.0005/input/input41
[    4.285596] logitech-hidpp-device 0003:046D:4041.0005: input,hidraw2: USB HID v1.11 Keyboard [Logitech MX Master] on usb-0000:00:14.0-1/input2:2
[    4.455727] Lockdown: systemd-hiberna: hibernation is restricted; see man kernel_lockdown.7
[    4.497142] EXT4-fs (dm-0): mounted filesystem with ordered data mode. Opts: (null)
[    6.251604] kauditd_printk_skb: 36 callbacks suppressed
[    6.251608] audit: type=1130 audit(1602147610.931:47): pid=1 uid=0 auid=4294967295 ses=4294967295 subj=kernel msg='unit=plymouth-switch-root comm="systemd" exe="/usr/lib/systemd/systemd" hostname=? addr=? terminal=? res=success'
[    6.298906] audit: type=1334 audit(1602147610.978:48): prog-id=12 op=UNLOAD
[    6.298917] audit: type=1334 audit(1602147610.978:49): prog-id=11 op=UNLOAD
[    6.299307] audit: type=1334 audit(1602147610.979:50): prog-id=10 op=UNLOAD
[    6.299970] audit: type=1334 audit(1602147610.979:51): prog-id=9 op=UNLOAD
[    6.299978] audit: type=1334 audit(1602147610.979:52): prog-id=8 op=UNLOAD
[    6.324292] systemd-journald[235]: Received SIGTERM from PID 1 (systemd).
[    6.442709] audit: type=1404 audit(1602147611.122:53): enforcing=1 old_enforcing=0 auid=4294967295 ses=4294967295 enabled=1 old-enabled=1 lsm=selinux res=1
[    6.546355] SELinux:  Permission watch in class filesystem not defined in policy.
[    6.546358] SELinux:  Permission watch in class file not defined in policy.
[    6.546359] SELinux:  Permission watch_mount in class file not defined in policy.
[    6.546359] SELinux:  Permission watch_sb in class file not defined in policy.
[    6.546360] SELinux:  Permission watch_with_perm in class file not defined in policy.
[    6.546360] SELinux:  Permission watch_reads in class file not defined in policy.
[    6.546363] SELinux:  Permission watch in class dir not defined in policy.
[    6.546363] SELinux:  Permission watch_mount in class dir not defined in policy.
[    6.546364] SELinux:  Permission watch_sb in class dir not defined in policy.
[    6.546364] SELinux:  Permission watch_with_perm in class dir not defined in policy.
[    6.546364] SELinux:  Permission watch_reads in class dir not defined in policy.
[    6.546367] SELinux:  Permission watch in class lnk_file not defined in policy.
[    6.546368] SELinux:  Permission watch_mount in class lnk_file not defined in policy.
[    6.546368] SELinux:  Permission watch_sb in class lnk_file not defined in policy.
[    6.546369] SELinux:  Permission watch_with_perm in class lnk_file not defined in policy.
[    6.546369] SELinux:  Permission watch_reads in class lnk_file not defined in policy.
[    6.546371] SELinux:  Permission watch in class chr_file not defined in policy.
[    6.546371] SELinux:  Permission watch_mount in class chr_file not defined in policy.
[    6.546372] SELinux:  Permission watch_sb in class chr_file not defined in policy.
[    6.546372] SELinux:  Permission watch_with_perm in class chr_file not defined in policy.
[    6.546372] SELinux:  Permission watch_reads in class chr_file not defined in policy.
[    6.546374] SELinux:  Permission watch in class blk_file not defined in policy.
[    6.546374] SELinux:  Permission watch_mount in class blk_file not defined in policy.
[    6.546375] SELinux:  Permission watch_sb in class blk_file not defined in policy.
[    6.546375] SELinux:  Permission watch_with_perm in class blk_file not defined in policy.
[    6.546375] SELinux:  Permission watch_reads in class blk_file not defined in policy.
[    6.546377] SELinux:  Permission watch in class sock_file not defined in policy.
[    6.546377] SELinux:  Permission watch_mount in class sock_file not defined in policy.
[    6.546378] SELinux:  Permission watch_sb in class sock_file not defined in policy.
[    6.546378] SELinux:  Permission watch_with_perm in class sock_file not defined in policy.
[    6.546378] SELinux:  Permission watch_reads in class sock_file not defined in policy.
[    6.546380] SELinux:  Permission watch in class fifo_file not defined in policy.
[    6.546380] SELinux:  Permission watch_mount in class fifo_file not defined in policy.
[    6.546381] SELinux:  Permission watch_sb in class fifo_file not defined in policy.
[    6.546381] SELinux:  Permission watch_with_perm in class fifo_file not defined in policy.
[    6.546381] SELinux:  Permission watch_reads in class fifo_file not defined in policy.
[    6.546435] SELinux:  Permission perfmon in class capability2 not defined in policy.
[    6.546436] SELinux:  Permission bpf in class capability2 not defined in policy.
[    6.546442] SELinux:  Permission perfmon in class cap2_userns not defined in policy.
[    6.546443] SELinux:  Permission bpf in class cap2_userns not defined in policy.
[    6.546489] SELinux:  Class perf_event not defined in policy.
[    6.546489] SELinux:  Class lockdown not defined in policy.
[    6.546490] SELinux: the above unknown classes and permissions will be allowed
[    6.546492] SELinux:  policy capability network_peer_controls=1
[    6.546493] SELinux:  policy capability open_perms=1
[    6.546493] SELinux:  policy capability extended_socket_class=1
[    6.546493] SELinux:  policy capability always_check_network=0
[    6.546494] SELinux:  policy capability cgroup_seclabel=1
[    6.546494] SELinux:  policy capability nnp_nosuid_transition=1
[    6.546494] SELinux:  policy capability genfs_seclabel_symlinks=0
[    6.561975] audit: type=1403 audit(1602147611.241:54): auid=4294967295 ses=4294967295 lsm=selinux res=1
[    6.563251] systemd[1]: Successfully loaded SELinux policy in 121.095ms.
[    6.569685] systemd[1]: RTC configured in localtime, applying delta of 120 minutes to system time.
[    6.610854] systemd[1]: Relabelled /dev, /dev/shm, /run, /sys/fs/cgroup in 25.551ms.
[    6.614170] systemd[1]: systemd v245.8-2.fc32 running in system mode. (+PAM +AUDIT +SELINUX +IMA -APPARMOR +SMACK +SYSVINIT +UTMP +LIBCRYPTSETUP +GCRYPT +GNUTLS +ACL +XZ +LZ4 +SECCOMP +BLKID +ELFUTILS +KMOD +IDN2 -IDN +PCRE2 default-hierarchy=unified)
[    6.626484] systemd[1]: Detected architecture x86-64.
[    6.627343] systemd[1]: Set hostname to <taran.in.noisy.linuxed.net>.
[    6.628066] Lockdown: systemd: /dev/mem,kmem,port is restricted; see man kernel_lockdown.7
[    6.629823] audit: type=1334 audit(1602140411.309:55): prog-id=13 op=LOAD
[    6.629824] audit: type=1334 audit(1602140411.309:56): prog-id=13 op=UNLOAD
[    6.801439] systemd[1]: initrd-switch-root.service: Succeeded.
[    6.801548] systemd[1]: Stopped Switch Root.
[    6.801877] systemd[1]: systemd-journald.service: Scheduled restart job, restart counter is at 1.
[    6.802062] systemd[1]: Created slice Virtual Machine and Container Slice.
[    6.802247] systemd[1]: Created slice system-getty.slice.
[    6.802424] systemd[1]: Created slice system-modprobe.slice.
[    6.802602] systemd[1]: Created slice system-sshd\x2dkeygen.slice.
[    6.802776] systemd[1]: Created slice system-systemd\x2dfsck.slice.
[    6.802987] systemd[1]: Created slice User and Session Slice.
[    6.803029] systemd[1]: Condition check resulted in Dispatch Password Requests to Console Directory Watch being skipped.
[    6.803136] systemd[1]: Started Forward Password Requests to Wall Directory Watch.
[    6.803453] systemd[1]: Set up automount Arbitrary Executable File Formats File System Automount Point.
[    6.803484] systemd[1]: Reached target Login Prompts.
[    6.803508] systemd[1]: Stopped target Switch Root.
[    6.803525] systemd[1]: Stopped target Initrd File Systems.
[    6.803538] systemd[1]: Stopped target Initrd Root File System.
[    6.803572] systemd[1]: Reached target Slices.
[    6.803911] systemd[1]: Listening on Device-mapper event daemon FIFOs.
[    6.804525] systemd[1]: Listening on LVM2 poll daemon socket.
[    6.804607] systemd[1]: Listening on multipathd control socket.
[    6.805571] systemd[1]: Listening on Process Core Dump Socket.
[    6.805669] systemd[1]: Listening on initctl Compatibility Named Pipe.
[    6.806012] systemd[1]: Listening on udev Control Socket.
[    6.806200] systemd[1]: Listening on udev Kernel Socket.
[    6.806401] systemd[1]: Listening on User Database Manager Socket.
[    6.806845] systemd[1]: Activating swap /dev/mapper/taran-swap...
[    6.807533] systemd[1]: Mounting Huge Pages File System...
[    6.808164] systemd[1]: Mounting POSIX Message Queue File System...
[    6.808785] systemd[1]: Mounting Kernel Debug File System...
[    6.809385] systemd[1]: Mounting Kernel Trace File System...
[    6.809556] systemd[1]: Condition check resulted in Kernel Module supporting RPCSEC_GSS being skipped.
[    6.810398] systemd[1]: Starting Create list of static device nodes for the current kernel...
[    6.811173] systemd[1]: Starting Monitoring of LVM2 mirrors, snapshots etc. using dmeventd or progress polling...
[    6.811266] systemd[1]: Condition check resulted in Load Kernel Module drm being skipped.
[    6.811801] systemd[1]: Starting Preprocess NFS configuration convertion...
[    6.811949] systemd[1]: plymouth-switch-root.service: Succeeded.
[    6.812078] systemd[1]: Stopped Plymouth switch root service.
[    6.812497] systemd[1]: Condition check resulted in Set Up Additional Binary Formats being skipped.
[    6.812544] systemd[1]: Stopped Journal Service.
[    6.813500] systemd[1]: Starting Journal Service...
[    6.814672] systemd[1]: Starting Load Kernel Modules...
[    6.815264] systemd[1]: Starting Remount Root and Kernel File Systems...
[    6.815936] systemd[1]: Starting Repartition Root Disk...
[    6.816644] systemd[1]: Starting udev Coldplug all Devices...
[    6.817505] systemd[1]: sysroot.mount: Succeeded.
[    6.818214] systemd[1]: Mounted Huge Pages File System.
[    6.818406] systemd[1]: Mounted POSIX Message Queue File System.
[    6.818538] systemd[1]: Mounted Kernel Debug File System.
[    6.818644] systemd[1]: Mounted Kernel Trace File System.
[    6.819054] systemd[1]: Finished Create list of static device nodes for the current kernel.
[    6.819582] systemd[1]: nfs-convert.service: Succeeded.
[    6.819757] systemd[1]: Finished Preprocess NFS configuration convertion.
[    6.822945] systemd[1]: Finished Load Kernel Modules.
[    6.823174] Adding 8388604k swap on /dev/mapper/taran-swap.  Priority:-2 extents:1 across:8388604k SSFS
[    6.823425] EXT4-fs (dm-0): re-mounted. Opts: (null)
[    6.824110] systemd[1]: Mounting FUSE Control File System...
[    6.824843] systemd[1]: Starting Apply Kernel Variables...
[    6.828518] systemd[1]: Activated swap /dev/mapper/taran-swap.
[    6.829545] systemd[1]: Finished Remount Root and Kernel File Systems.
[    6.829931] systemd[1]: Finished Repartition Root Disk.
[    6.830106] systemd[1]: Mounted FUSE Control File System.
[    6.830235] systemd[1]: Reached target Swap.
[    6.831674] systemd[1]: tmp.mount: Directory /tmp to mount over is not empty, mounting anyway.
[    6.832351] systemd[1]: Mounting Temporary Directory (/tmp)...
[    6.832483] systemd[1]: Condition check resulted in OSTree Remount OS/ Bind Mounts being skipped.
[    6.832523] systemd[1]: Condition check resulted in First Boot Wizard being skipped.
[    6.832856] systemd[1]: Condition check resulted in Rebuild Hardware Database being skipped.
[    6.833367] systemd[1]: Starting Load/Save Random Seed...
[    6.833410] systemd[1]: Condition check resulted in Create System Users being skipped.
[    6.833973] systemd[1]: Starting Create Static Device Nodes in /dev...
[    6.835667] systemd[1]: Finished Apply Kernel Variables.
[    6.835855] systemd[1]: Mounted Temporary Directory (/tmp).
[    6.838894] systemd-journald[607]: File /run/log/journal/096a988474a14369a3f22b977e22ee23/system.journal corrupted or uncleanly shut down, renaming and replacing.
[    6.842111] systemd[1]: Finished Load/Save Random Seed.
[    6.844903] systemd[1]: Started Journal Service.
[    6.850855] systemd-journald[607]: Received client request to flush runtime journal.
[    7.020614] input: HP Wireless hotkeys as /devices/virtual/input/input42
[    7.101204] idma64 idma64.0: Found Intel integrated DMA 64-bit
[    7.101638] idma64 idma64.1: Found Intel integrated DMA 64-bit
[    7.101937] proc_thermal 0000:00:04.0: enabling device (0000 -> 0002)
[    7.102710] intel_rapl_common: Found RAPL domain package
[    7.103061] proc_thermal 0000:00:04.0: Creating sysfs group for PROC_THERMAL_PCI
[    7.135216] mei_me 0000:00:16.0: enabling device (0004 -> 0006)
[    7.190904] i801_smbus 0000:00:1f.4: enabling device (0000 -> 0003)
[    7.199096] hp_wmi: query 0x4 returned error 0x5
[    7.200107] cfg80211: Loading compiled-in X.509 certificates for regulatory database
[    7.200643] cfg80211: Loaded X.509 cert 'sforshee: 00b28ddf47aef9cea7'
[    7.200745] hp_wmi: query 0x4 returned error 0x5
[    7.200757] i801_smbus 0000:00:1f.4: SPD Write Disable is set
[    7.200781] i801_smbus 0000:00:1f.4: SMBus using PCI interrupt
[    7.202315] hp_wmi: query 0xd returned error 0x5
[    7.202344] input: HP WMI hotkeys as /devices/virtual/input/input43
[    7.206022] hp_wmi: query 0x1b returned error 0x5
[    7.206995] i2c i2c-8: 2/2 memory slots populated (from DMI)
[    7.207396] i2c i2c-8: Successfully instantiated SPD at 0x50
[    7.219345] input: PC Speaker as /devices/platform/pcspkr/input/input44
[    7.238585] Intel(R) Wireless WiFi driver for Linux
[    7.238955] iwlwifi 0000:01:00.0: enabling device (0000 -> 0002)
[    7.244581] iwlwifi 0000:01:00.0: Found debug destination: EXTERNAL_DRAM
[    7.244582] iwlwifi 0000:01:00.0: Found debug configuration: 0
[    7.244941] iwlwifi 0000:01:00.0: loaded firmware version 36.79ff3ccf.0 8265-36.ucode op_mode iwlmvm
[    7.244967] iwlwifi 0000:01:00.0: Direct firmware load for iwl-debug-yoyo.bin failed with error -2
[    7.289583] RAPL PMU: API unit is 2^-32 Joules, 3 fixed counters, 655360 ms ovfl timer
[    7.289585] RAPL PMU: hw unit of domain pp0-core 2^-14 Joules
[    7.289585] RAPL PMU: hw unit of domain package 2^-14 Joules
[    7.289585] RAPL PMU: hw unit of domain pp1-gpu 2^-14 Joules
[    7.410024] intel_rapl_common: Found RAPL domain package
[    7.410026] intel_rapl_common: Found RAPL domain core
[    7.410026] intel_rapl_common: Found RAPL domain uncore
[    7.453741] mei_hdcp 0000:00:16.0-b638ab7e-94e2-4ea2-a552-d1c54b627f04: bound 0000:00:02.0 (ops i915_hdcp_component_ops [i915])
[    7.463949] iTCO_vendor_support: vendor-support=0
[    7.464530] ee1004 8-0050: 512 byte EE1004-compliant SPD EEPROM, read-only
[    7.474516] iTCO_wdt: Intel TCO WatchDog Timer Driver v1.11
[    7.474590] iTCO_wdt: Found a Intel PCH TCO device (Version=4, TCOBASE=0x0400)
[    7.474626] iwlwifi 0000:01:00.0: Detected Intel(R) Dual Band Wireless AC 8265, REV=0x230
[    7.475208] iTCO_wdt: initialized. heartbeat=30 sec (nowayout=0)
[    7.482054] iwlwifi 0000:01:00.0: Applying debug destination EXTERNAL_DRAM
[    7.482207] iwlwifi 0000:01:00.0: Allocated 0x00400000 bytes for firmware monitor.
[    7.536583] iwlwifi 0000:01:00.0: base HW address: a0:a4:c5:26:d0:a4
[    7.540540] snd_hda_intel 0000:00:1f.3: DSP detected with PCI class/subclass/prog-if info 0x040380
[    7.540551] snd_hda_intel 0000:00:1f.3: enabling device (0000 -> 0002)
[    7.540763] snd_hda_intel 0000:00:1f.3: bound 0000:00:02.0 (ops i915_audio_component_bind_ops [i915])
[    7.589285] snd_hda_codec_conexant hdaudioC0D0: CX8200: BIOS auto-probing.
[    7.589924] snd_hda_codec_conexant hdaudioC0D0: autoconfig for CX8200: line_outs=1 (0x17/0x0/0x0/0x0/0x0) type:speaker
[    7.589927] snd_hda_codec_conexant hdaudioC0D0:    speaker_outs=0 (0x0/0x0/0x0/0x0/0x0)
[    7.589929] snd_hda_codec_conexant hdaudioC0D0:    hp_outs=1 (0x1d/0x0/0x0/0x0/0x0)
[    7.589930] snd_hda_codec_conexant hdaudioC0D0:    mono: mono_out=0x0
[    7.589932] snd_hda_codec_conexant hdaudioC0D0:    inputs:
[    7.589934] snd_hda_codec_conexant hdaudioC0D0:      Internal Mic=0x1a
[    7.589935] snd_hda_codec_conexant hdaudioC0D0:      Mic=0x19
[    7.611583] ieee80211 phy0: Selected rate control algorithm 'iwl-mvm-rs'
[    7.611944] thermal thermal_zone14: failed to read out thermal zone (-61)
[    7.618234] iwlwifi 0000:01:00.0 wlp1s0: renamed from wlan0
[    7.632298] input: HDA Intel PCH Mic as /devices/pci0000:00/0000:00:1f.3/sound/card0/input45
[    7.632377] input: HDA Intel PCH Headphone as /devices/pci0000:00/0000:00:1f.3/sound/card0/input46
[    7.632441] input: HDA Intel PCH HDMI/DP,pcm=3 as /devices/pci0000:00/0000:00:1f.3/sound/card0/input47
[    7.632511] input: HDA Intel PCH HDMI/DP,pcm=7 as /devices/pci0000:00/0000:00:1f.3/sound/card0/input48
[    7.632566] input: HDA Intel PCH HDMI/DP,pcm=8 as /devices/pci0000:00/0000:00:1f.3/sound/card0/input49
[    7.632624] input: HDA Intel PCH HDMI/DP,pcm=9 as /devices/pci0000:00/0000:00:1f.3/sound/card0/input50
[    7.632682] input: HDA Intel PCH HDMI/DP,pcm=10 as /devices/pci0000:00/0000:00:1f.3/sound/card0/input51
[    8.315572] mc: Linux media interface: v0.10
[    8.344344] videodev: Linux video capture interface: v2.00
[    8.353133] usbcore: registered new interface driver option
[    8.353142] usbserial: USB Serial support registered for GSM modem (1-port)
[    8.357261] option 1-3:2.2: GSM modem (1-port) converter detected
[    8.357415] usb 1-3: GSM modem (1-port) converter now attached to ttyUSB0
[    8.357657] option 1-3:2.3: GSM modem (1-port) converter detected
[    8.357763] usb 1-3: GSM modem (1-port) converter now attached to ttyUSB1
[    8.357875] option 1-3:2.4: GSM modem (1-port) converter detected
[    8.357922] usb 1-3: GSM modem (1-port) converter now attached to ttyUSB2
[    8.357967] option 1-3:2.5: GSM modem (1-port) converter detected
[    8.358006] usb 1-3: GSM modem (1-port) converter now attached to ttyUSB3
[    8.358053] option 1-3:2.6: GSM modem (1-port) converter detected
[    8.358101] usb 1-3: GSM modem (1-port) converter now attached to ttyUSB4
[    8.363286] Bluetooth: Core ver 2.22
[    8.363301] NET: Registered protocol family 31
[    8.363302] Bluetooth: HCI device and connection manager initialized
[    8.363304] Bluetooth: HCI socket layer initialized
[    8.363306] Bluetooth: L2CAP socket layer initialized
[    8.363309] Bluetooth: SCO socket layer initialized
[    8.375148] cdc_ether 1-3:2.0 usb0: register 'cdc_ether' at usb-0000:00:14.0-3, CDC Ethernet Device, 02:1e:10:1f:00:00
[    8.375523] usbcore: registered new interface driver cdc_ether
[    8.380634] cdc_ether 1-3:2.0 enp0s20f0u3c2: renamed from usb0
[    8.473463] usbcore: registered new interface driver btusb
[    8.473982] uvcvideo: Found UVC 1.50 device HP HD Camera (0408:5411)
[    8.474444] Bluetooth: hci0: Bootloader revision 0.0 build 26 week 38 2015
[    8.475486] Bluetooth: hci0: Device revision is 16
[    8.475487] Bluetooth: hci0: Secure boot is enabled
[    8.475487] Bluetooth: hci0: OTP lock is enabled
[    8.475488] Bluetooth: hci0: API lock is enabled
[    8.475488] Bluetooth: hci0: Debug lock is disabled
[    8.475489] Bluetooth: hci0: Minimum firmware build 1 week 10 2014
[    8.476547] Bluetooth: hci0: Found device firmware: intel/ibt-12-16.sfi
[    8.485315] uvcvideo: Failed to initialize entity for entity 6
[    8.485317] uvcvideo: Failed to register entities (-22).
[    8.485387] input: HP HD Camera: HP HD Camera as /devices/pci0000:00/0000:00:14.0/usb1/1-9/1-9:1.0/input/input52
[    8.486328] uvcvideo: Found UVC 1.50 device HP HD Camera (0408:5411)
[    8.490116] uvcvideo 1-9:1.2: Entity type for entity Extension 10 was not initialized!
[    8.490118] uvcvideo 1-9:1.2: Entity type for entity Extension 12 was not initialized!
[    8.490119] uvcvideo 1-9:1.2: Entity type for entity Processing 9 was not initialized!
[    8.490120] uvcvideo 1-9:1.2: Entity type for entity Camera 11 was not initialized!
[    8.490201] input: HP HD Camera: HP IR Camera as /devices/pci0000:00/0000:00:14.0/usb1/1-9/1-9:1.2/input/input53
[    8.490294] usbcore: registered new interface driver uvcvideo
[    8.490295] USB Video Class driver (1.1.1)
[    9.533474] EXT4-fs (nvme0n1p5): mounted filesystem with ordered data mode. Opts: (null)
[    9.536721] EXT4-fs (dm-2): mounted filesystem with ordered data mode. Opts: (null)
[    9.666550] RPC: Registered named UNIX socket transport module.
[    9.666551] RPC: Registered udp transport module.
[    9.666551] RPC: Registered tcp transport module.
[    9.666551] RPC: Registered tcp NFSv4.1 backchannel transport module.
[    9.936727] Bluetooth: BNEP (Ethernet Emulation) ver 1.3
[    9.936728] Bluetooth: BNEP filters: protocol multicast
[    9.936731] Bluetooth: BNEP socket layer initialized
[    9.997614] Bluetooth: hci0: Waiting for firmware download to complete
[    9.998386] Bluetooth: hci0: Firmware loaded in 1489187 usecs
[    9.998419] Bluetooth: hci0: Waiting for device to boot
[   10.010392] Bluetooth: hci0: Device booted in 11702 usecs
[   10.010754] Bluetooth: hci0: Found Intel DDC parameters: intel/ibt-12-16.ddc
[   10.013389] Bluetooth: hci0: Applying Intel DDC parameters completed
[   10.014397] Bluetooth: hci0: Firmware revision 0.1 build 50 week 12 2019
[   10.282817] cdc_ether 1-3:2.0 enp0s20f0u3c2: unregister 'cdc_ether' usb-0000:00:14.0-3, CDC Ethernet Device
[   10.297189] option1 ttyUSB0: GSM modem (1-port) converter now disconnected from ttyUSB0
[   10.297207] option 1-3:2.2: device disconnected
[   10.300204] option1 ttyUSB1: GSM modem (1-port) converter now disconnected from ttyUSB1
[   10.300308] option 1-3:2.3: device disconnected
[   10.300493] option1 ttyUSB2: GSM modem (1-port) converter now disconnected from ttyUSB2
[   10.300599] option 1-3:2.4: device disconnected
[   10.300777] option1 ttyUSB3: GSM modem (1-port) converter now disconnected from ttyUSB3
[   10.300886] option 1-3:2.5: device disconnected
[   10.301065] option1 ttyUSB4: GSM modem (1-port) converter now disconnected from ttyUSB4
[   10.305594] option 1-3:2.6: device disconnected
[   10.412305] option 1-3:3.2: GSM modem (1-port) converter detected
[   10.412463] usb 1-3: GSM modem (1-port) converter now attached to ttyUSB0
[   10.420111] usbcore: registered new interface driver cdc_ncm
[   10.423630] usbcore: registered new interface driver cdc_wdm
[   10.455038] cdc_mbim 1-3:3.0: setting rx_max = 16384
[   10.455187] cdc_mbim 1-3:3.0: NDP will be placed at end of frame for this device.
[   10.455369] cdc_mbim 1-3:3.0: cdc-wdm0: USB WDM device
[   10.455712] cdc_mbim 1-3:3.0 wwan0: register 'cdc_mbim' at usb-0000:00:14.0-3, CDC MBIM, b6:28:9e:0b:2e:9f
[   10.458960] usbcore: registered new interface driver cdc_mbim
[   10.464829] cdc_mbim 1-3:3.0 wwp0s20f0u3c3: renamed from wwan0
[   17.326123] Loading iSCSI transport class v2.0-870.
[   17.353052] iscsi: registered transport (tcp)
[  137.548287] bridge: filtering via arp/ip/ip6tables is no longer available by default. Update your scripts to load br_netfilter if you need this.
[  137.554322] tun: Universal TUN/TAP device driver, 1.6
[  137.555157] virbr0: port 1(virbr0-nic) entered blocking state
[  137.555159] virbr0: port 1(virbr0-nic) entered disabled state
[  137.555203] device virbr0-nic entered promiscuous mode
[  137.919785] Bluetooth: RFCOMM TTY layer initialized
[  137.919789] Bluetooth: RFCOMM socket layer initialized
[  137.919829] Bluetooth: RFCOMM ver 1.11
[  137.958790] virbr0: port 1(virbr0-nic) entered blocking state
[  137.958791] virbr0: port 1(virbr0-nic) entered listening state
[  137.987697] virbr0: port 1(virbr0-nic) entered disabled state
[  139.276110] Lockdown: systemd-logind: hibernation is restricted; see man kernel_lockdown.7
[  139.565678] rfkill: input handler disabled
[  143.249716] e1000e 0000:00:1f.6 enp0s31f6: Failed to disable ULP
[  150.844882] logitech-hidpp-device 0003:046D:408A.0004: HID++ 4.5 device connected.
[  153.663794] rfkill: input handler enabled
[  154.566922] logitech-hidpp-device 0003:046D:4041.0005: HID++ 4.5 device connected.
[  154.930840] Lockdown: systemd-logind: hibernation is restricted; see man kernel_lockdown.7
[  155.241218] rfkill: input handler disabled
[  157.114854] Lockdown: systemd-logind: hibernation is restricted; see man kernel_lockdown.7
